(1) Description of the Task to be done


A Master release Upgrade updated the system to the most recent quartely pacthes for the SLES-SP[n] release currently in use. 

NOTE: A Master Realese Upgrade must *always* be done on all VERITAS Cluster Nodes in a Veritas Cluster. It is *not* possible or supported to  upgrade only one server in a cluster. Downtime is thus required for *all* ResourceGroups (aka "Packages") in the Cluster.

Note: SAPHANA Scaleout Clusters are treated as Standalone Nodes and must be requested with "server-unix-std:global|06|101a-MasterRelease Update(Physical)"

The Change Manager/Co-Ordinator is responsible to also open any relevant tasks to the applications teams (e.g. Oracle/SAP) so the appropriate downtime before and post upgrade checks are executed after the MR upgrade.  

Perform update of Linux server with current Master Release on BOTH Nodes 
ATTENTION: This task must be ordered / approved by the operations responsible. 
ATTENTION: Please ensure that your operating system is using the updated version of SLES(SLES upgrade is done via IPU) if SecFS is installed. For more details please see: https://atc.bmwgroup.net/confluence/display/SECFS/Upgrade+Linux+Server+for+Client+EOL
https://atc.bmwgroup.net/confluence/display/IPSCOPS/Linux+Server+Lifecycle


lead times 
---- During office hours: 1 day
Run time : 6 Hours

---- Please relate relevant CIs to the change

---- Please update relevant CIs in CMDB if needed

__________
(2) Required Information

CLUSTER Servernames: lp03wbp03.bmwgroup.net, lp03wbp04.bmwgroup.net

* Please select at least one of these Checkboxes: 

[ X ] Servers can be booted without consultation
[ ] another Task Group must be informed before reboot
[ ] a Contact Person must be informed before reboot

* Mandatory if your system is using SEC-FS / Vormetric CoreGuard:

[ ] Server has SEC-FS / an encrypted filesystem
---- Accompanying task to Vormetric during the update is mandatory!
---- Additional task to Vormetric for changing environment might be necessary!
----
---- Please contact <vormetric@list.bmw.com> for any queries or have a look at the website:
---- https://atc.bmwgroup.net/confluence/display/SECFS/Upgrade+Linux+Server+for+Client+EOL


Please change predefined answer if necessary:
Task can be implemented at any time within the start-/end time: yes
Technical contact must be explicitly informed before begin and after end of this task: no 

__________
(3) Additional Information (optional)

__________
(4) Lead and execution time

Check Header

__________
(5) Contact Information
Contact person for questions from server ops during task planing:
DL-OtD-Log-All@emea.nttdata.com

Contact person for questions from server ops during execution:
DL-OtD-Log-All@emea.nttdata.com


downtime -a -h 6 -c "TAS000006701818 qxz10kv" lp03wbp03.bmwgroup.net


downtime -a -h 6 -c "TAS000006701818 qxz10kv" lp03wbp04.bmwgroup.net





rudderswinst -t TAS000006701818 update lp03wbp03.bmwgroup.net


rudderswinst -t TAS000006701818 update lp03wbp04.bmwgroup.net




=============================================


lp03wbp03:~ # hastatus -sum

-- SYSTEM STATE
-- System               State                Frozen

A  lp03wbp03            RUNNING              0
A  lp03wbp04            RUNNING              0

-- GROUP STATE
-- Group           System               Probed     AutoDisabled    State

B  NIC             lp03wbp03            Y          N               ONLINE
B  NIC             lp03wbp04            Y          N               ONLINE
B  iwbqci10        lp03wbp03            Y          N               OFFLINE
B  iwbqci10        lp03wbp04            Y          N               ONLINE
B  pwbpci00        lp03wbp03            Y          N               ONLINE
B  pwbpci00        lp03wbp04            Y          N               OFFLINE
lp03wbp03:~ #
lp03wbp03:~ #
lp03wbp03:~ # date
Sat Nov  5 08:57:32 CET 2022
lp03wbp03:~ #


lp03wbp03:~ # hastatus -sum | grep -i online
B  NIC             lp03wbp03            Y          N               ONLINE
B  NIC             lp03wbp04            Y          N               ONLINE
B  iwbqci10        lp03wbp04            Y          N               ONLINE
B  pwbpci00        lp03wbp03            Y          N               ONLINE
lp03wbp03:~ #



for PKG in `hastatus -sum | awk '/^B/ {print $2}' | egrep -v NIC | sort -u`; do echo "Stopping $PKG"; hagrp -offline $PKG -any ; done



lp09zap20:~ # hastatus -sum|grep -i online
B  NIC             lp09zap20            Y          N               ONLINE
B  NIC             lp09zap21            Y          N               ONLINE
lp09zap20:~ #
lp09zap20:~ # haconf -makerw
lp09zap20:~ #
lp09zap20:~ # for PKG in `hastatus -sum | awk '/^B/ {print $2}' | egrep -v NIC | sort -u`; do echo "Freeze $PKG"; hagrp -freeze $PKG -persistent; done
Freeze izaics10
Freeze pzapcs00
lp09zap20:~ #
lp09zap20:~ # haconf -dump -makero
lp09zap20:~ #
lp09zap20:~ # hastatus -sum


lphrp26:~ # hastop -local -force
lphrp26:~ # systemctl stop vcs
lphrp26:~ # systemctl stop gab
lphrp26:~ # gabconfig -U
GAB gabconfig ERROR V-15-2-25022 gabconfig: open failed : unknown error
lphrp26:~ # systemctl stop vxfen
lphrp26:~ # systemctl stop llt
lphrp26:~ # lltconfig -U
LLT lltconfig ERROR V-14-2-15000 open /dev/llt failed: No such file or directory
lphrp26:~ # rmmod vxfen
lphrp26:~ # rmmod gab
rmmod: ERROR: Module gab is not currently loaded
lphrp26:~ # rmmod llt
rmmod: ERROR: Module llt is not currently loaded
lphrp26:~ #
lphrp26:~ # df -hPT | grep -i vxfs
lphrp26:~ #


===============================


lphrp27:~ # hastop -local -force
lphrp27:~ # systemctl stop vcs
lphrp27:~ # systemctl stop gab
lphrp27:~ # gabconfig -U
GAB gabconfig ERROR V-15-2-25022 gabconfig: open failed : unknown error
lphrp27:~ # systemctl stop vxfen
lphrp27:~ # systemctl stop llt
lphrp27:~ # lltconfig -U
LLT lltconfig ERROR V-14-2-15000 open /dev/llt failed: No such file or directory
lphrp27:~ # rmmod vxfen
lphrp27:~ # rmmod gab
rmmod: ERROR: Module gab is not currently loaded
lphrp27:~ # rmmod llt
rmmod: ERROR: Module llt is not currently loaded
lphrp27:~ # df -hPT | grep -i vxfs
lphrp27:~ #

============================================================================



lp03wbp03:~ # exit
exit
[INSTSERV][qxz10kv][lpinstiaas02] ~ $ fullcheck lp03wbp03
====================================================================================================
 Hardware Type: PowerEdge R740
 Serial No.   : D328Z03
 Node name    : lp03wbp03
 Local time   : Sat Nov  5 11:54:13 CET 2022
====================================================================================================
 FQDN: lp03wbp03.bmwgroup.net
~~~~~~~~~~~~~~~~~~~~~~~~~~~~~~~~~~~~~~~~~~~~~~~~~~~~~~~~~~~~~~~~~~~~~~~~~~~~~~~~~~~~~~~~~~~~~~~~~~~~
 OSVer: SUSE Linux Enterprise Server 12 (x86_64)
 OSVer: VERSION = 12
 OSVer: PATCHLEVEL = 4
 OSVer: # This file is deprecated and will be removed in a future service pack or release.
 OSVer: # Please check /etc/os-release for details about this release.
~~~~~~~~~~~~~~~~~~~~~~~~~~~~~~~~~~~~~~~~~~~~~~~~~~~~~~~~~~~~~~~~~~~~~~~~~~~~~~~~~~~~~~~~~~~~~~~~~~~~
 Uptime: Booted: 2022.07.31. 09:56:39
 Uptime: Uptime: 97d 2h 57m 34s
~~~~~~~~~~~~~~~~~~~~~~~~~~~~~~~~~~~~~~~~~~~~~~~~~~~~~~~~~~~~~~~~~~~~~~~~~~~~~~~~~~~~~~~~~~~~~~~~~~~~
 MR: M22-Q2-12.4                                                                        [OLD] [OK]
~~~~~~~~~~~~~~~~~~~~~~~~~~~~~~~~~~~~~~~~~~~~~~~~~~~~~~~~~~~~~~~~~~~~~~~~~~~~~~~~~~~~~~~~~~~~~~~~~~~~
 Kernel: 4.12.14-95.83-default
~~~~~~~~~~~~~~~~~~~~~~~~~~~~~~~~~~~~~~~~~~~~~~~~~~~~~~~~~~~~~~~~~~~~~~~~~~~~~~~~~~~~~~~~~~~~~~~~~~~~
 Glibc: 2.22-114.15.1.x86_64
~~~~~~~~~~~~~~~~~~~~~~~~~~~~~~~~~~~~~~~~~~~~~~~~~~~~~~~~~~~~~~~~~~~~~~~~~~~~~~~~~~~~~~~~~~~~~~~~~~~~
 BootL: /dev/sda: GRUB (GRUB)                                                                 [OK]
~~~~~~~~~~~~~~~~~~~~~~~~~~~~~~~~~~~~~~~~~~~~~~~~~~~~~~~~~~~~~~~~~~~~~~~~~~~~~~~~~~~~~~~~~~~~~~~~~~~~
 LPFC: Driver module version: 12.0.0.10
 LPFC:  HOST     MODEL          WWN                 STATE                   SPEED    SLOT  FW Rev       FW Target   FWOK
 LPFC:   host15  LPe31002-M6-D  0x100000109b8f4d96  Link Down               unknown  ?     12.8.522.23  14.0.539.3  NOK
 LPFC:   host16  LPe31002-M6-D  0x100000109b8f4d97  Link Up - Ready Fabric  8 Gbit   ?     12.8.522.23  14.0.539.3  NOK
 LPFC:   host17  LPe31002-M6-D  0x100000109b8f4e7b  Link Down               unknown  ?     12.8.522.23  14.0.539.3  NOK
 LPFC:   host18  LPe31002-M6-D  0x100000109b8f4e7c  Link Up - Ready Fabric  8 Gbit   ?     12.8.522.23  14.0.539.3  NOK
 LPFC: Firmware upgrade needed                                                               [NOK]
~~~~~~~~~~~~~~~~~~~~~~~~~~~~~~~~~~~~~~~~~~~~~~~~~~~~~~~~~~~~~~~~~~~~~~~~~~~~~~~~~~~~~~~~~~~~~~~~~~~~
 ETH:  OSDEV  PCI ID                 DRIVER     DRVVER   SPEED     DPLX  LINK  MAC ADDRESS        IP / SUBNET        IPV6 / PREFIX
 ETH:  eth0   0000:17:00.0           ixgbe      5.1.0-k  1000Mb/s  Full  yes   e4:43:4b:a9:28:28  <bond0>
 ETH:  eth1   0000:17:00.1           ixgbe      5.1.0-k  1000Mb/s  Full  yes   e4:43:4b:a9:28:29  160.48.226.105/24  2a03:1e82:820a:503::1:f/64
 ETH:  eth2   0000:18:00.0           ixgbe      5.1.0-k  1000Mb/s  Full  yes   e4:43:4b:a9:28:2a  160.48.225.176/24  2a03:1e82:820a:502::1:6/64
 ETH:  eth3   0000:65:00.1           ixgbe      5.1.0-k  1000Mb/s  Full  yes   b4:96:91:63:19:12  <bond0>
 ETH:  eth4   0000:18:00.1           ixgbe      5.1.0-k  -         -     no    e4:43:4b:a9:28:2b
 ETH:  eth5   0000:65:00.0           ixgbe      5.1.0-k  -         -     no    b4:96:91:63:19:10
 ETH:  eth6   usb-0000:00:14.0-14.3  cdc_ether  -        -         -     yes   f4:02:70:c0:bb:2f  169.254.0.2/16
~~~~~~~~~~~~~~~~~~~~~~~~~~~~~~~~~~~~~~~~~~~~~~~~~~~~~~~~~~~~~~~~~~~~~~~~~~~~~~~~~~~~~~~~~~~~~~~~~~~~
 BOND: Version: 3.7.1
 BOND:   BONDDEV  OSDEV/IP          IPV6                        ACTIVE  PRIMARY  STATUS  FAILCOUNT  MAC ADDRESS
 BOND:    bond0   160.48.228.17/24  2a03:1e82:820a:4fe::1:8/64
 BOND:            eth0                                             +             up      0          e4:43:4b:a9:28:28
 BOND:            eth3                                                           up      0          b4:96:91:63:19:12
~~~~~~~~~~~~~~~~~~~~~~~~~~~~~~~~~~~~~~~~~~~~~~~~~~~~~~~~~~~~~~~~~~~~~~~~~~~~~~~~~~~~~~~~~~~~~~~~~~~~
~~~~~~~~~~~~~~~~~~~~~~~~~~~~~~~~~~~~~~~~~~~~~~~~~~~~~~~~~~~~~~~~~~~~~~~~~~~~~~~~~~~~~~~~~~~~~~~~~~~~
 LLDP: Interface  Link state  Speed     Duplex  Switch Chassis  Switch Port                VLAN ID
 LLDP: eth0       UP          1000Mb/s  Full    ASW03DSR11      Ten-GigabitEthernet1/1/1   800
 LLDP: eth1       UP          1000Mb/s  Full    ASW03DSR11      Ten-GigabitEthernet1/1/4   600
 LLDP: eth2       UP          1000Mb/s  Full    ASW03DSR11      Ten-GigabitEthernet1/1/12  500
 LLDP: eth3       UP          1000Mb/s  Full    ASW03DSR12      Ten-GigabitEthernet1/1/1   800
 LLDP: eth4       DOWN        -         -       -               -                          -
 LLDP: eth5       DOWN        -         -       -               -                          -
 LLDP: eth6       UNKNOWN     -         -       -               -                          -
~~~~~~~~~~~~~~~~~~~~~~~~~~~~~~~~~~~~~~~~~~~~~~~~~~~~~~~~~~~~~~~~~~~~~~~~~~~~~~~~~~~~~~~~~~~~~~~~~~~~
 ServiceTag: D328Z03 (28483346739)
~~~~~~~~~~~~~~~~~~~~~~~~~~~~~~~~~~~~~~~~~~~~~~~~~~~~~~~~~~~~~~~~~~~~~~~~~~~~~~~~~~~~~~~~~~~~~~~~~~~~
 BIOS: 2.13.3 (2.15.1)                                                                  [OLD] [OK]
~~~~~~~~~~~~~~~~~~~~~~~~~~~~~~~~~~~~~~~~~~~~~~~~~~~~~~~~~~~~~~~~~~~~~~~~~~~~~~~~~~~~~~~~~~~~~~~~~~~~
 RAID: 25.5.9.0001 (25.5.9.0001)                                                        [ACT] [OK]
~~~~~~~~~~~~~~~~~~~~~~~~~~~~~~~~~~~~~~~~~~~~~~~~~~~~~~~~~~~~~~~~~~~~~~~~~~~~~~~~~~~~~~~~~~~~~~~~~~~~
 IDRAC: 5.10.10.00 (Build 26) (5.10.50.00 (Build 32))                                   [OLD] [OK]
~~~~~~~~~~~~~~~~~~~~~~~~~~~~~~~~~~~~~~~~~~~~~~~~~~~~~~~~~~~~~~~~~~~~~~~~~~~~~~~~~~~~~~~~~~~~~~~~~~~~
 PSU: Redundancy overall status: Full (Full)                                                  [OK]
 PSU: Power supplies:
 PSU: Loc      S/N              Manufacturer         Type     Rev      FW         Wattage    Status
 PSU: PS1      PHARP0097400S0   Unknown!             0PJMDN   A02      00.1B.53   750 W      Ok
 PSU: PS2      PHARP0097400RY   Unknown!             0PJMDN   A02      00.1B.53   750 W      Ok
 PSU: All PSUs good                                                                           [OK]
~~~~~~~~~~~~~~~~~~~~~~~~~~~~~~~~~~~~~~~~~~~~~~~~~~~~~~~~~~~~~~~~~~~~~~~~~~~~~~~~~~~~~~~~~~~~~~~~~~~~
 RAM: Memory overall status: Ok (Ok)                                                          [OK]
 RAM: Memory:
 RAM:    Total: 393216  MB (384 GB)
 RAM:    Slots: 12/24
 RAM: Modules:
 RAM:    32768 MB @ : Ok,   32768 MB @ : Ok,   32768 MB @ : Ok,   32768 MB @ : Ok,
 RAM:    32768 MB @ : Ok,   32768 MB @ : Ok,   32768 MB @ : Ok,   32768 MB @ : Ok,
 RAM:    32768 MB @ : Ok,   32768 MB @ : Ok,   32768 MB @ : Ok,   32768 MB @ : Ok,
 RAM: All DIMMs good                                                                          [OK]
~~~~~~~~~~~~~~~~~~~~~~~~~~~~~~~~~~~~~~~~~~~~~~~~~~~~~~~~~~~~~~~~~~~~~~~~~~~~~~~~~~~~~~~~~~~~~~~~~~~~
 CPU: CPU overall status: Ok (Ok)                                                             [OK]
 CPU:   Location  Speed      State    No.Cores  Status
 CPU:   CPU1      3300  MHz  Present  8         Ok
 CPU:   CPU2      -          -        -         -
 CPU: All CPUs good                                                                           [OK]
~~~~~~~~~~~~~~~~~~~~~~~~~~~~~~~~~~~~~~~~~~~~~~~~~~~~~~~~~~~~~~~~~~~~~~~~~~~~~~~~~~~~~~~~~~~~~~~~~~~~
 FAN: Fan overall status: Full (Full)                                                         [OK]
 FAN:   Name               Current Speed  Status
 FAN:   System Board Fan1  7560 RPM       Ok
 FAN:   System Board Fan2  7680 RPM       Ok
 FAN:   System Board Fan3  7440 RPM       Ok
 FAN:   System Board Fan4  7560 RPM       Ok
 FAN:   System Board Fan5  7440 RPM       Ok
 FAN:   System Board Fan6  7560 RPM       Ok
 FAN: All FANs good                                                                           [OK]
~~~~~~~~~~~~~~~~~~~~~~~~~~~~~~~~~~~~~~~~~~~~~~~~~~~~~~~~~~~~~~~~~~~~~~~~~~~~~~~~~~~~~~~~~~~~~~~~~~~~
 HDD: Controller:
 HDD:      Type:  PERC H730P Mini
 HDD: Disks:
 HDD: Loc    Status  State   Power    Media  Rev   Capacity   Vendor    ProdID        S/N           PartNr
 HDD: 0:1:0  Ok      Online  Spun Up  HDD    EE05  558.38 GB  DELL(tm)  AL14SXB60ENY  X9X0A0LRFEHE  PH01W7HCTB2009AO7Q8XA01
 HDD: 0:1:1  Ok      Online  Spun Up  HDD    EE05  558.38 GB  DELL(tm)  AL14SXB60ENY  X9X0A0KDFEHE  PH01W7HCTB2009AO7Q7GA01
 HDD:
~~~~~~~~~~~~~~~~~~~~~~~~~~~~~~~~~~~~~~~~~~~~~~~~~~~~~~~~~~~~~~~~~~~~~~~~~~~~~~~~~~~~~~~~~~~~~~~~~~~~
 JobQueue: iDRAC jobs: 0 (0)                                                                  [OK]
 JobQueue: Pending BIOS Settings: 0 (0)                                                       [OK]
~~~~~~~~~~~~~~~~~~~~~~~~~~~~~~~~~~~~~~~~~~~~~~~~~~~~~~~~~~~~~~~~~~~~~~~~~~~~~~~~~~~~~~~~~~~~~~~~~~~~


#F NOTE: DCODB returned empty string on CriticalEvent/lp03wbp03 (no critical events)
# Firmware (S)tatus:
#S1     STORAGE 7.4.1.2805 unsupported for #data
# SODB end (1 FW Status notes, no remarks, 0 special configs, 0 events, 0 tags, host:lp03wbp03)
[INSTSERV][qxz10kv][lpinstiaas02] ~ $



[INSTSERV][qxz10kv][lpinstiaas02] ~ $
[INSTSERV][qxz10kv][lpinstiaas02] ~ $ fullcheck lp03wbp04
====================================================================================================
 Hardware Type: PowerEdge R740
 Serial No.   : G328Z03
 Node name    : lp03wbp04
 Local time   : Sat Nov  5 12:09:17 CET 2022
====================================================================================================
 FQDN: lp03wbp04.bmwgroup.net
~~~~~~~~~~~~~~~~~~~~~~~~~~~~~~~~~~~~~~~~~~~~~~~~~~~~~~~~~~~~~~~~~~~~~~~~~~~~~~~~~~~~~~~~~~~~~~~~~~~~
 OSVer: SUSE Linux Enterprise Server 12 (x86_64)
 OSVer: VERSION = 12
 OSVer: PATCHLEVEL = 4
 OSVer: # This file is deprecated and will be removed in a future service pack or release.
 OSVer: # Please check /etc/os-release for details about this release.
~~~~~~~~~~~~~~~~~~~~~~~~~~~~~~~~~~~~~~~~~~~~~~~~~~~~~~~~~~~~~~~~~~~~~~~~~~~~~~~~~~~~~~~~~~~~~~~~~~~~
 Uptime: Booted: 2022.05.14. 20:23:33
 Uptime: Uptime: 174d 16h 45m 44s
~~~~~~~~~~~~~~~~~~~~~~~~~~~~~~~~~~~~~~~~~~~~~~~~~~~~~~~~~~~~~~~~~~~~~~~~~~~~~~~~~~~~~~~~~~~~~~~~~~~~
 MR: M22-Q2-12.4                                                                        [OLD] [OK]
~~~~~~~~~~~~~~~~~~~~~~~~~~~~~~~~~~~~~~~~~~~~~~~~~~~~~~~~~~~~~~~~~~~~~~~~~~~~~~~~~~~~~~~~~~~~~~~~~~~~
 Kernel: 4.12.14-95.83-default
~~~~~~~~~~~~~~~~~~~~~~~~~~~~~~~~~~~~~~~~~~~~~~~~~~~~~~~~~~~~~~~~~~~~~~~~~~~~~~~~~~~~~~~~~~~~~~~~~~~~
 Glibc: 2.22-114.15.1.x86_64
~~~~~~~~~~~~~~~~~~~~~~~~~~~~~~~~~~~~~~~~~~~~~~~~~~~~~~~~~~~~~~~~~~~~~~~~~~~~~~~~~~~~~~~~~~~~~~~~~~~~
 BootL: /dev/sda: GRUB (GRUB)                                                                 [OK]
~~~~~~~~~~~~~~~~~~~~~~~~~~~~~~~~~~~~~~~~~~~~~~~~~~~~~~~~~~~~~~~~~~~~~~~~~~~~~~~~~~~~~~~~~~~~~~~~~~~~
 LPFC: Driver module version: 12.0.0.10
 LPFC:  HOST     MODEL          WWN                 STATE                   SPEED    SLOT  FW Rev       FW Target   FWOK
 LPFC:   host15  LPe31002-M6-D  0x100000109b8ca6b1  Link Down               unknown  ?     12.8.522.23  14.0.539.3  NOK
 LPFC:   host16  LPe31002-M6-D  0x100000109b8ca6b2  Link Up - Ready Fabric  8 Gbit   ?     12.8.522.23  14.0.539.3  NOK
 LPFC:   host17  LPe31002-M6-D  0x100000109b8f4dab  Link Down               unknown  ?     12.8.522.23  14.0.539.3  NOK
 LPFC:   host18  LPe31002-M6-D  0x100000109b8f4dac  Link Up - Ready Fabric  8 Gbit   ?     12.8.522.23  14.0.539.3  NOK
 LPFC: Firmware upgrade needed                                                               [NOK]
~~~~~~~~~~~~~~~~~~~~~~~~~~~~~~~~~~~~~~~~~~~~~~~~~~~~~~~~~~~~~~~~~~~~~~~~~~~~~~~~~~~~~~~~~~~~~~~~~~~~
 ETH:  OSDEV  PCI ID                 DRIVER     DRVVER   SPEED     DPLX  LINK  MAC ADDRESS        IP / SUBNET        IPV6 / PREFIX
 ETH:  eth0   0000:17:00.0           ixgbe      5.1.0-k  1000Mb/s  Full  yes   e4:43:4b:aa:0a:e6  <bond0>
 ETH:  eth1   0000:17:00.1           ixgbe      5.1.0-k  1000Mb/s  Full  yes   e4:43:4b:aa:0a:e7  160.48.226.108/24  2a03:1e82:820a:503::1:10/64
 ETH:  eth2   0000:18:00.0           ixgbe      5.1.0-k  1000Mb/s  Full  yes   e4:43:4b:aa:0a:e8  160.48.225.178/24  2a03:1e82:820a:502::1:7/64
 ETH:  eth3   0000:65:00.1           ixgbe      5.1.0-k  1000Mb/s  Full  yes   b4:96:91:63:15:92  <bond0>
 ETH:  eth4   0000:18:00.1           ixgbe      5.1.0-k  -         -     no    e4:43:4b:aa:0a:e9
 ETH:  eth5   0000:65:00.0           ixgbe      5.1.0-k  -         -     no    b4:96:91:63:15:90
 ETH:  eth6   usb-0000:00:14.0-14.3  cdc_ether  -        -         -     yes   f4:02:70:c0:e8:8f  169.254.0.2/16
~~~~~~~~~~~~~~~~~~~~~~~~~~~~~~~~~~~~~~~~~~~~~~~~~~~~~~~~~~~~~~~~~~~~~~~~~~~~~~~~~~~~~~~~~~~~~~~~~~~~
 BOND: Version: 3.7.1
 BOND:   BONDDEV  OSDEV/IP          IPV6                        ACTIVE  PRIMARY  STATUS  FAILCOUNT  MAC ADDRESS
 BOND:    bond0   160.48.228.30/24  2a03:1e82:820a:4fe::1:9/64
 BOND:            eth0                                             +             up      1          e4:43:4b:aa:0a:e6
 BOND:            eth3                                                           up      1          b4:96:91:63:15:92
~~~~~~~~~~~~~~~~~~~~~~~~~~~~~~~~~~~~~~~~~~~~~~~~~~~~~~~~~~~~~~~~~~~~~~~~~~~~~~~~~~~~~~~~~~~~~~~~~~~~
~~~~~~~~~~~~~~~~~~~~~~~~~~~~~~~~~~~~~~~~~~~~~~~~~~~~~~~~~~~~~~~~~~~~~~~~~~~~~~~~~~~~~~~~~~~~~~~~~~~~
 LLDP: Interface  Link state  Speed     Duplex  Switch Chassis  Switch Port                VLAN ID
 LLDP: eth0       UP          1000Mb/s  Full    ASW03DSR21      Ten-GigabitEthernet1/3/5   800
 LLDP: eth1       UP          1000Mb/s  Full    ASW03DSR21      Ten-GigabitEthernet1/3/8   600
 LLDP: eth2       UP          1000Mb/s  Full    ASW03DSR21      Ten-GigabitEthernet1/3/16  500
 LLDP: eth3       UP          1000Mb/s  Full    ASW03DSR22      Ten-GigabitEthernet1/3/5   800
 LLDP: eth4       DOWN        -         -       -               -                          -
 LLDP: eth5       DOWN        -         -       -               -                          -
 LLDP: eth6       UNKNOWN     -         -       -               -                          -
~~~~~~~~~~~~~~~~~~~~~~~~~~~~~~~~~~~~~~~~~~~~~~~~~~~~~~~~~~~~~~~~~~~~~~~~~~~~~~~~~~~~~~~~~~~~~~~~~~~~
 ServiceTag: G328Z03 (35013693747)
~~~~~~~~~~~~~~~~~~~~~~~~~~~~~~~~~~~~~~~~~~~~~~~~~~~~~~~~~~~~~~~~~~~~~~~~~~~~~~~~~~~~~~~~~~~~~~~~~~~~
 BIOS: 2.13.3 (2.15.1)                                                                  [OLD] [OK]
~~~~~~~~~~~~~~~~~~~~~~~~~~~~~~~~~~~~~~~~~~~~~~~~~~~~~~~~~~~~~~~~~~~~~~~~~~~~~~~~~~~~~~~~~~~~~~~~~~~~
 RAID: 25.5.9.0001 (25.5.9.0001)                                                        [ACT] [OK]
~~~~~~~~~~~~~~~~~~~~~~~~~~~~~~~~~~~~~~~~~~~~~~~~~~~~~~~~~~~~~~~~~~~~~~~~~~~~~~~~~~~~~~~~~~~~~~~~~~~~
 IDRAC: 5.10.10.00 (Build 26) (5.10.50.00 (Build 32))                                   [OLD] [OK]
~~~~~~~~~~~~~~~~~~~~~~~~~~~~~~~~~~~~~~~~~~~~~~~~~~~~~~~~~~~~~~~~~~~~~~~~~~~~~~~~~~~~~~~~~~~~~~~~~~~~
 PSU: Redundancy overall status: Full (Full)                                                  [OK]
 PSU: Power supplies:
 PSU: Loc      S/N              Manufacturer         Type     Rev      FW         Wattage    Status
 PSU: PS1      PHARP0097400RX   Unknown!             0PJMDN   A02      00.1B.53   750 W      Ok
 PSU: PS2      PHARP0097400RL   Unknown!             0PJMDN   A02      00.1B.53   750 W      Ok
 PSU: All PSUs good                                                                           [OK]
~~~~~~~~~~~~~~~~~~~~~~~~~~~~~~~~~~~~~~~~~~~~~~~~~~~~~~~~~~~~~~~~~~~~~~~~~~~~~~~~~~~~~~~~~~~~~~~~~~~~
 RAM: Memory overall status: Ok (Ok)                                                          [OK]
 RAM: Memory:
 RAM:    Total: 393216  MB (384 GB)
 RAM:    Slots: 12/24
 RAM: Modules:
 RAM:    32768 MB @ : Ok,   32768 MB @ : Ok,   32768 MB @ : Ok,   32768 MB @ : Ok,
 RAM:    32768 MB @ : Ok,   32768 MB @ : Ok,   32768 MB @ : Ok,   32768 MB @ : Ok,
 RAM:    32768 MB @ : Ok,   32768 MB @ : Ok,   32768 MB @ : Ok,   32768 MB @ : Ok,
 RAM: All DIMMs good                                                                          [OK]
~~~~~~~~~~~~~~~~~~~~~~~~~~~~~~~~~~~~~~~~~~~~~~~~~~~~~~~~~~~~~~~~~~~~~~~~~~~~~~~~~~~~~~~~~~~~~~~~~~~~
 CPU: CPU overall status: Ok (Ok)                                                             [OK]
 CPU:   Location  Speed      State    No.Cores  Status
 CPU:   CPU1      3300  MHz  Present  8         Ok
 CPU:   CPU2      -          -        -         -
 CPU: All CPUs good                                                                           [OK]
~~~~~~~~~~~~~~~~~~~~~~~~~~~~~~~~~~~~~~~~~~~~~~~~~~~~~~~~~~~~~~~~~~~~~~~~~~~~~~~~~~~~~~~~~~~~~~~~~~~~
 FAN: Fan overall status: Full (Full)                                                         [OK]
 FAN:   Name               Current Speed  Status
 FAN:   System Board Fan1  7320 RPM       Ok
 FAN:   System Board Fan2  7440 RPM       Ok
 FAN:   System Board Fan3  7440 RPM       Ok
 FAN:   System Board Fan4  7200 RPM       Ok
 FAN:   System Board Fan5  7560 RPM       Ok
 FAN:   System Board Fan6  7440 RPM       Ok
 FAN: All FANs good                                                                           [OK]
~~~~~~~~~~~~~~~~~~~~~~~~~~~~~~~~~~~~~~~~~~~~~~~~~~~~~~~~~~~~~~~~~~~~~~~~~~~~~~~~~~~~~~~~~~~~~~~~~~~~
 HDD: Controller:
 HDD:      Type:  PERC H730P Mini
 HDD: Disks:
 HDD: Loc    Status  State   Power    Media  Rev   Capacity   Vendor    ProdID        S/N           PartNr
 HDD: 0:1:0  Ok      Online  Spun Up  HDD    EE05  558.38 GB  DELL(tm)  AL14SXB60ENY  X9X0A06QFEHE  PH01W7HCTB2009AO7Q4WA01
 HDD: 0:1:1  Ok      Online  Spun Up  HDD    EE05  558.38 GB  DELL(tm)  AL14SXB60ENY  X9X0A0DMFEHE  PH01W7HCTB2009AO7Q66A01
 HDD:
~~~~~~~~~~~~~~~~~~~~~~~~~~~~~~~~~~~~~~~~~~~~~~~~~~~~~~~~~~~~~~~~~~~~~~~~~~~~~~~~~~~~~~~~~~~~~~~~~~~~
 JobQueue: iDRAC jobs: 0 (0)                                                                  [OK]
 JobQueue: Pending BIOS Settings: 0 (0)                                                       [OK]
~~~~~~~~~~~~~~~~~~~~~~~~~~~~~~~~~~~~~~~~~~~~~~~~~~~~~~~~~~~~~~~~~~~~~~~~~~~~~~~~~~~~~~~~~~~~~~~~~~~~


#F NOTE: DCODB returned empty string on CriticalEvent/lp03wbp04 (no critical events)
# Firmware (S)tatus:
#S1     STORAGE 7.4.1.2805 unsupported for #data
# SODB end (1 FW Status notes, no remarks, 0 special configs, 0 events, 0 tags, host:lp03wbp04)
[INSTSERV][qxz10kv][lpinstiaas02] ~ $


==============================================================================================================

lp03wbp03:~ #
lp03wbp03:~ #
lp03wbp03:~ #
lp03wbp03:~ #
lp03wbp03:~ # hastatus -sum

-- SYSTEM STATE
-- System               State                Frozen

A  lp03wbp03            RUNNING              0
A  lp03wbp04            RUNNING              0

-- GROUP STATE
-- Group           System               Probed     AutoDisabled    State

B  NIC             lp03wbp03            Y          N               ONLINE
B  NIC             lp03wbp04            Y          N               ONLINE
B  iwbqci10        lp03wbp03            Y          N               OFFLINE
B  iwbqci10        lp03wbp04            Y          N               ONLINE
B  pwbpci00        lp03wbp03            Y          N               ONLINE
B  pwbpci00        lp03wbp04            Y          N               OFFLINE
lp03wbp03:~ #
lp03wbp03:~ #
lp03wbp03:~ # hastatus -sum | grep -i online
B  NIC             lp03wbp03            Y          N               ONLINE
B  NIC             lp03wbp04            Y          N               ONLINE
B  iwbqci10        lp03wbp04            Y          N               ONLINE
B  pwbpci00        lp03wbp03            Y          N               ONLINE
lp03wbp03:~ #
lp03wbp03:~ #
lp03wbp03:~ #
lp03wbp03:~ #
lp03wbp03:~ #
lp03wbp03:~ #
lp03wbp03:~ #
lp03wbp03:~ #
lp03wbp03:~ # uptime
 16:34pm  up 97 days  7:37,  1 user,  load average: 0.67, 0.95, 1.04
lp03wbp03:~ # cat /etc/SuSE-release
SUSE Linux Enterprise Server 12 (x86_64)
VERSION = 12
PATCHLEVEL = 4
# This file is deprecated and will be removed in a future service pack or release.
# Please check /etc/os-release for details about this release.
lp03wbp03:~ # ls -lrt /etc/BMW-release
-rw-r--r-- 1 root root 639 May 14 19:15 /etc/BMW-release
lp03wbp03:~ # cat /etc/BMW-release
IMAGE_KIWI_NAME="BMW-SLES12SP2"
IMAGE_KIWI_PROFILE="HW_DELL"
IMAGE_KIWI_VERSION="2.4.0"
IMAGE_KIWI_BUILD_DATE="2020-01-10"
IMAGE_KIWI_BUILD_ID="8299b5457d8f-98635d5"
IMAGE_BMW_MR="2020Q01.00"
IMAGE_BMW_STATUS="RELEASE"
INSTALL_DATE="2020-02-13"
LAST_IPU_VERSION="ipu_12.2_12.4"
LAST_IPU_DATE="1603551123 2020-10-24 16:52:03 +0200"
HISTORY_MR_VERSION+=("2020Q04.00")
HISTORY_MR_VERSION+=("2021Q03.00")
HISTORY_MR_DATE+=("1633234154 2021-10-03 06:09:14 +0200")
HISTORY_MR_VERSION+=("2021Q04.00")
HISTORY_MR_DATE+=("1637426451 2021-11-20 17:40:51 +0100")
CURRENT_MR_VERSION="2022Q02.00"
CURRENT_MR_DATE="1652548559 2022-05-14 19:15:59 +0200"
lp03wbp03:~ # who -b
         system boot  Jul 31 09:56
lp03wbp03:~ # cat /etc/issue

Welcome to SUSE Linux Enterprise Server 12 SP4  (x86_64) - Kernel \r (\l).


lp03wbp03:~ # cat /etc/BMW-release| grep -i mr
IMAGE_BMW_MR="2020Q01.00"
HISTORY_MR_VERSION+=("2020Q04.00")
HISTORY_MR_VERSION+=("2021Q03.00")
HISTORY_MR_DATE+=("1633234154 2021-10-03 06:09:14 +0200")
HISTORY_MR_VERSION+=("2021Q04.00")
HISTORY_MR_DATE+=("1637426451 2021-11-20 17:40:51 +0100")
CURRENT_MR_VERSION="2022Q02.00"
CURRENT_MR_DATE="1652548559 2022-05-14 19:15:59 +0200"
lp03wbp03:~ # ls -lrt /etc/BMW-release
-rw-r--r-- 1 root root 639 May 14 19:15 /etc/BMW-release
lp03wbp03:~ # cat /etc/SuSE-release
SUSE Linux Enterprise Server 12 (x86_64)
VERSION = 12
PATCHLEVEL = 4
# This file is deprecated and will be removed in a future service pack or release.
# Please check /etc/os-release for details about this release.
lp03wbp03:~ # df -hT
Filesystem                                         Type      Size  Used Avail Use% Mounted on
devtmpfs                                           devtmpfs  188G  8.0K  188G   1% /dev
tmpfs                                              tmpfs     188G  8.0K  188G   1% /dev/shm
tmpfs                                              tmpfs     188G  4.8M  188G   1% /run
tmpfs                                              tmpfs     188G     0  188G   0% /sys/fs/cgroup
/dev/sda2                                          btrfs     101G   33G   67G  33% /
/dev/sda2                                          btrfs     101G   33G   67G  33% /global/local
/dev/sda2                                          btrfs     101G   33G   67G  33% /var/opt
/dev/sda2                                          btrfs     101G   33G   67G  33% /usr/sap/saprootsh
/dev/sda1                                          ext3      976M  102M  824M  11% /boot
/dev/sda2                                          btrfs     101G   33G   67G  33% /home
/dev/sda2                                          btrfs     101G   33G   67G  33% /var/tmp
/dev/sda2                                          btrfs     101G   33G   67G  33% /lfs
/dev/sda2                                          btrfs     101G   33G   67G  33% /.snapshots
/dev/sda2                                          btrfs     101G   33G   67G  33% /opt
/dev/sda2                                          btrfs     101G   33G   67G  33% /tmp
/dev/sda2                                          btrfs     101G   33G   67G  33% /var/spool
/dev/sda2                                          btrfs     101G   33G   67G  33% /var/cache
/dev/sda2                                          btrfs     101G   33G   67G  33% /var/log
/dev/mapper/vglocal-lvvarcrash                     xfs        50G   33M   50G   1% /var/crash
tmpfs                                              tmpfs     4.0K     0  4.0K   0% /dev/vx
tmpfs                                              tmpfs      38G     0   38G   0% /run/user/497593
nv03100029.bmwgroup.net:/f06055/t026992/archive_WB nfs       5.0G  385M  4.7G   8% /nfs/sap/archive_WB
nv03100029.bmwgroup.net:/f05466/t026988/sapmnt_WBQ nfs        10G  1.3G  8.8G  13% /nfs/sap/sapmnt_WBQ
nv03100029.bmwgroup.net:/f05466/t026990/trans_WB   nfs        40G   32G  8.5G  79% /nfs/sap/trans_WB
nv01502303.bmwgroup.net:/f05546/t026092/scripts    nfs        10G  400M  9.7G   4% /nfs/sap/sapscripts
nv01502304.bmwgroup.net:/f05526/t021213/instsap    nfs       2.3T  2.0T  320G  87% /nfs/sap/local_instsap
nv03100029.bmwgroup.net:/f05466/t027020/sapmnt_WBP nfs        10G  1.5G  8.6G  15% /nfs/sap/sapmnt_WBP
nv03100029.bmwgroup.net:/f05466/t026989/sapsst_WBQ nfs       110G   28G   83G  25% /nfs/sap/sapsst_WBQ
nv03100029.bmwgroup.net:/f05466/t027021/sapsst_WBP nfs       110G   21G   90G  19% /nfs/sap/sapsst_WBP
nv03100029.bmwgroup.net:/f05465/t036400            nfs       1.0G  3.0M 1021M   1% /nfs/sap/notfallliste
tmpfs                                              tmpfs      38G     0   38G   0% /run/user/48952
tmpfs                                              tmpfs      38G     0   38G   0% /run/user/66159
/dev/vx/dsk/dgpwbpci0002/lvbkup                    vxfs      451G  185G  250G  43% /global/pwbpci00/bkup
/dev/vx/dsk/dgpwbpci0005/lvWBP                     vxfs      113G   15G   92G  14% /oracle/WBP
/dev/vx/dsk/dgpwbpci0001/lvapps                    vxfs       66G  2.7G   60G   5% /global/pwbpci00/apps
/dev/vx/dsk/dgpwbpci0001/lvsapWBP                  vxfs       46G  4.9G   39G  12% /usr/sap/WBP
/dev/vx/dsk/dgpwbpci0008/lvsapdata3                vxfs      169G   91G   79G  54% /oracle/WBP/sapdata3
/dev/vx/dsk/dgpwbpci0007/lvsapdata2                vxfs      169G   91G   79G  54% /oracle/WBP/sapdata2
/dev/vx/dsk/dgpwbpci0006/lvsapdata1                vxfs      169G   78G   91G  46% /oracle/WBP/sapdata1
/dev/vx/dsk/dgpwbpci0004/lvoriglogB                vxfs       29G   25G  3.8G  87% /oracle/WBP/origlogB
/dev/vx/dsk/dgpwbpci0009/lvsapdata4                vxfs      169G   70G   99G  42% /oracle/WBP/sapdata4
/dev/vx/dsk/dgpwbpci0003/lvoriglogA                vxfs       29G   25G  3.8G  87% /oracle/WBP/origlogA
/dev/vx/dsk/dgpwbpci0003/lvmirrlogB                vxfs       29G   25G  3.9G  87% /oracle/WBP/mirrlogB
/dev/vx/dsk/dgpwbpci0004/lvmirrlogA                vxfs       29G   25G  3.9G  87% /oracle/WBP/mirrlogA
tmpfs                                              tmpfs      38G     0   38G   0% /run/user/542870
tmpfs                                              tmpfs      38G     0   38G   0% /run/user/160
tmpfs                                              tmpfs      38G     0   38G   0% /run/user/44035
lp03wbp03:~ #
lp03wbp03:~ #
lp03wbp03:~ # pvs
  PV         VG      Fmt  Attr PSize   PFree
  /dev/sda4  vglocal lvm2 a--  425.37g 375.37g
lp03wbp03:~ # lvs
  LV         VG      Attr       LSize  Pool Origin Data%  Meta%  Move Log Cpy%Sync Convert
  lvvarcrash vglocal -wi-ao---- 50.00g
lp03wbp03:~ # vgs
  VG      #PV #LV #SN Attr   VSize   VFree
  vglocal   1   1   0 wz--n- 425.37g 375.37g
lp03wbp03:~ # pvdisplay
  --- Physical volume ---
  PV Name               /dev/sda4
  VG Name               vglocal
  PV Size               425.37 GiB / not usable 4.00 MiB
  Allocatable           yes
  PE Size               4.00 MiB
  Total PE              108894
  Free PE               96094
  Allocated PE          12800
  PV UUID               RIjI42-Ecu3-5i3f-3YwQ-rrh7-ruyN-fInVYg

lp03wbp03:~ # vgdisplay
  --- Volume group ---
  VG Name               vglocal
  System ID
  Format                lvm2
  Metadata Areas        1
  Metadata Sequence No  2
  VG Access             read/write
  VG Status             resizable
  MAX LV                0
  Cur LV                1
  Open LV               1
  Max PV                0
  Cur PV                1
  Act PV                1
  VG Size               425.37 GiB
  PE Size               4.00 MiB
  Total PE              108894
  Alloc PE / Size       12800 / 50.00 GiB
  Free  PE / Size       96094 / 375.37 GiB
  VG UUID               Wz990b-gBop-hQmq-OacI-Nw4k-tHiA-frYl19

lp03wbp03:~ # lvdisplay
  --- Logical volume ---
  LV Path                /dev/vglocal/lvvarcrash
  LV Name                lvvarcrash
  VG Name                vglocal
  LV UUID                R7Obif-vOQq-eDXX-rzlw-LpsU-4Kpr-efoA2E
  LV Write Access        read/write
  LV Creation host, time lp03wbp03, 2020-01-02 05:02:34 +0100
  LV Status              available
  # open                 1
  LV Size                50.00 GiB
  Current LE             12800
  Segments               1
  Allocation             inherit
  Read ahead sectors     auto
  - currently set to     1024
  Block device           253:0

lp03wbp03:~ # ifconfig -a
bond0     Link encap:Ethernet  HWaddr E4:43:4B:A9:28:28
          inet addr:160.48.228.17  Bcast:160.48.228.255  Mask:255.255.255.0
          inet6 addr: 2a03:1e82:820a:4fe::1:8/64 Scope:Global
          inet6 addr: fe80::e643:4bff:fea9:2828/64 Scope:Link
          UP BROADCAST RUNNING MASTER MULTICAST  MTU:1500  Metric:1
          RX packets:715111560 errors:0 dropped:4475996 overruns:0 frame:0
          TX packets:738864728 errors:0 dropped:0 overruns:0 carrier:0
          collisions:0 txqueuelen:1000
          RX bytes:192662096272 (183736.8 Mb)  TX bytes:611061101815 (582753.2 Mb)

bond0:0   Link encap:Ethernet  HWaddr E4:43:4B:A9:28:28
          inet addr:160.48.228.79  Bcast:160.48.228.255  Mask:255.255.255.0
          UP BROADCAST RUNNING MASTER MULTICAST  MTU:1500  Metric:1

bond0:1   Link encap:Ethernet  HWaddr E4:43:4B:A9:28:28
          inet addr:160.48.228.76  Bcast:160.48.228.255  Mask:255.255.255.0
          UP BROADCAST RUNNING MASTER MULTICAST  MTU:1500  Metric:1

eth0      Link encap:Ethernet  HWaddr E4:43:4B:A9:28:28
          UP BROADCAST RUNNING SLAVE MULTICAST  MTU:1500  Metric:1
          RX packets:707065249 errors:0 dropped:0 overruns:0 frame:0
          TX packets:738584508 errors:0 dropped:0 overruns:0 carrier:0
          collisions:0 txqueuelen:1000
          RX bytes:192059859206 (183162.5 Mb)  TX bytes:611016266615 (582710.5 Mb)

eth1      Link encap:Ethernet  HWaddr E4:43:4B:A9:28:29
          inet addr:160.48.226.105  Bcast:160.48.226.255  Mask:255.255.255.0
          inet6 addr: fe80::e643:4bff:fea9:2829/64 Scope:Link
          inet6 addr: 2a03:1e82:820a:503::1:f/64 Scope:Global
          UP BROADCAST RUNNING MULTICAST  MTU:1500  Metric:1
          RX packets:482949343 errors:0 dropped:1 overruns:0 frame:0
          TX packets:2520681566 errors:0 dropped:0 overruns:0 carrier:0
          collisions:0 txqueuelen:1000
          RX bytes:33003144540 (31474.2 Mb)  TX bytes:3783808375215 (3608520.8 Mb)

eth2      Link encap:Ethernet  HWaddr E4:43:4B:A9:28:2A
          inet addr:160.48.225.176  Bcast:160.48.225.255  Mask:255.255.255.0
          inet6 addr: 2a03:1e82:820a:502::1:6/64 Scope:Global
          inet6 addr: fe80::e643:4bff:fea9:282a/64 Scope:Link
          UP BROADCAST RUNNING MULTICAST  MTU:1500  Metric:1
          RX packets:27831358 errors:0 dropped:2 overruns:0 frame:0
          TX packets:18489708 errors:0 dropped:0 overruns:0 carrier:0
          collisions:0 txqueuelen:1000
          RX bytes:1957522155 (1866.8 Mb)  TX bytes:1565679100 (1493.1 Mb)

eth3      Link encap:Ethernet  HWaddr E4:43:4B:A9:28:28
          UP BROADCAST RUNNING SLAVE MULTICAST  MTU:1500  Metric:1
          RX packets:8046311 errors:0 dropped:4475995 overruns:0 frame:0
          TX packets:280220 errors:0 dropped:0 overruns:0 carrier:0
          collisions:0 txqueuelen:1000
          RX bytes:602237066 (574.3 Mb)  TX bytes:44835200 (42.7 Mb)

eth4      Link encap:Ethernet  HWaddr E4:43:4B:A9:28:2B
          BROADCAST MULTICAST  MTU:1500  Metric:1
          RX packets:0 errors:0 dropped:0 overruns:0 frame:0
          TX packets:0 errors:0 dropped:0 overruns:0 carrier:0
          collisions:0 txqueuelen:1000
          RX bytes:0 (0.0 b)  TX bytes:0 (0.0 b)

eth5      Link encap:Ethernet  HWaddr B4:96:91:63:19:10
          BROADCAST MULTICAST  MTU:1500  Metric:1
          RX packets:0 errors:0 dropped:0 overruns:0 frame:0
          TX packets:0 errors:0 dropped:0 overruns:0 carrier:0
          collisions:0 txqueuelen:1000
          RX bytes:0 (0.0 b)  TX bytes:0 (0.0 b)

eth6      Link encap:Ethernet  HWaddr F4:02:70:C0:BB:2F
          inet addr:169.254.0.2  Bcast:169.254.255.255  Mask:255.255.0.0
          inet6 addr: fe80::f602:70ff:fec0:bb2f/64 Scope:Link
          UP BROADCAST RUNNING MULTICAST  MTU:1500  Metric:1
          RX packets:4460496 errors:0 dropped:0 overruns:0 frame:0
          TX packets:5049249 errors:0 dropped:0 overruns:0 carrier:0
          collisions:0 txqueuelen:1000
          RX bytes:224162800 (213.7 Mb)  TX bytes:364112584 (347.2 Mb)

lo        Link encap:Local Loopback
          inet addr:127.0.0.1  Mask:255.0.0.0
          inet6 addr: ::1/128 Scope:Host
          UP LOOPBACK RUNNING  MTU:65536  Metric:1
          RX packets:24989741548 errors:0 dropped:0 overruns:0 frame:0
          TX packets:24989741548 errors:0 dropped:0 overruns:0 carrier:0
          collisions:0 txqueuelen:1000
          RX bytes:46154667943239 (44016521.3 Mb)  TX bytes:46154667943239 (44016521.3 Mb)

lp03wbp03:~ # route
Kernel IP routing table
Destination     Gateway         Genmask         Flags Metric Ref    Use Iface
default         vlan800-drw03ds 0.0.0.0         UG    0      0        0 bond0
160.48.225.0    *               255.255.255.0   U     0      0        0 eth2
160.48.226.0    *               255.255.255.0   U     0      0        0 eth1
160.48.228.0    *               255.255.255.0   U     0      0        0 bond0
link-local      *               255.255.0.0     U     0      0        0 eth6
lp03wbp03:~ # sync
lp03wbp03:~ # lsblk
NAME                   MAJ:MIN   RM   SIZE RO TYPE MOUNTPOINT
sda                      8:0      0 558.4G  0 disk
├─sda1                   8:1      0     1G  0 part /boot
├─sda2                   8:2      0   100G  0 part /
├─sda3                   8:3      0    32G  0 part [SWAP]
└─sda4                   8:4      0 425.4G  0 part
  └─vglocal-lvvarcrash 253:0      0    50G  0 lvm  /var/crash
sdb                      8:16     0  56.3G  0 disk
├─sdb3                   8:19     0  56.3G  0 part
└─sdb8                   8:24     0  56.3G  0 part
sdc                      8:32     0  56.3G  0 disk
├─sdc3                   8:35     0  56.3G  0 part
└─sdc8                   8:40     0  56.3G  0 part
sdd                      8:48     0  56.3G  0 disk
├─sdd3                   8:51     0  56.3G  0 part
└─sdd8                   8:56     0  56.3G  0 part
sde                      8:64     0 225.1G  0 disk
├─sde3                   8:67     0 225.1G  0 part
└─sde8                   8:72     0 225.1G  0 part
sdf                      8:80     0 225.1G  0 disk
├─sdf3                   8:83     0 225.1G  0 part
└─sdf8                   8:88     0 225.1G  0 part
sdg                      8:96     0  56.3G  0 disk
├─sdg3                   8:99     0  56.3G  0 part
└─sdg8                   8:104    0  56.3G  0 part
sdh                      8:112    0  56.3G  0 disk
├─sdh3                   8:115    0  56.3G  0 part
└─sdh8                   8:120    0  56.3G  0 part
sdi                      8:128    0  56.3G  0 disk
├─sdi3                   8:131    0  56.3G  0 part
└─sdi8                   8:136    0  56.3G  0 part
sdj                      8:144    0  56.3G  0 disk
├─sdj3                   8:147    0  56.3G  0 part
└─sdj8                   8:152    0  56.3G  0 part
sdk                      8:160    0  56.3G  0 disk
├─sdk3                   8:163    0  56.3G  0 part
└─sdk8                   8:168    0  56.3G  0 part
sdl                      8:176    0  56.3G  0 disk
├─sdl3                   8:179    0  56.3G  0 part
└─sdl8                   8:184    0  56.3G  0 part
sdm                      8:192    0  14.1G  0 disk
├─sdm3                   8:195    0  14.1G  0 part
└─sdm8                   8:200    0  14.1G  0 part
sdn                      8:208    0  14.1G  0 disk
├─sdn3                   8:211    0  14.1G  0 part
└─sdn8                   8:216    0  14.1G  0 part
sdo                      8:224    0  14.1G  0 disk
├─sdo3                   8:227    0  14.1G  0 part
└─sdo8                   8:232    0  14.1G  0 part
sdp                      8:240    0  14.1G  0 disk
├─sdp3                   8:243    0  14.1G  0 part
└─sdp8                   8:248    0  14.1G  0 part
sdq                     65:0      0  56.3G  0 disk
├─sdq3                  65:3      0  56.3G  0 part
└─sdq8                  65:8      0  56.3G  0 part
sdr                     65:16     0  56.3G  0 disk
├─sdr3                  65:19     0  56.3G  0 part
└─sdr8                  65:24     0  56.3G  0 part
sds                     65:32     0  56.3G  0 disk
├─sds3                  65:35     0  56.3G  0 part
└─sds8                  65:40     0  56.3G  0 part
sdt                     65:48     0 112.6G  0 disk
├─sdt3                  65:51     0 112.6G  0 part
└─sdt8                  65:56     0 112.6G  0 part
sdu                     65:64     0 112.6G  0 disk
├─sdu3                  65:67     0 112.6G  0 part
└─sdu8                  65:72     0 112.6G  0 part
sdv                     65:80     0 112.6G  0 disk
├─sdv3                  65:83     0 112.6G  0 part
└─sdv8                  65:88     0 112.6G  0 part
sdw                     65:96     0  56.3G  0 disk
├─sdw3                  65:99     0  56.3G  0 part
└─sdw8                  65:104    0  56.3G  0 part
sdx                     65:112    0  14.1G  0 disk
├─sdx3                  65:115    0  14.1G  0 part
└─sdx8                  65:120    0  14.1G  0 part
sdy                     65:128    0 112.6G  0 disk
├─sdy3                  65:131    0 112.6G  0 part
└─sdy8                  65:136    0 112.6G  0 part
sdz                     65:144    0  14.1G  0 disk
├─sdz3                  65:147    0  14.1G  0 part
└─sdz8                  65:152    0  14.1G  0 part
sdaa                    65:160    0  56.3G  0 disk
├─sdaa3                 65:163    0  56.3G  0 part
└─sdaa8                 65:168    0  56.3G  0 part
sdab                    65:176    0  56.3G  0 disk
├─sdab3                 65:179    0  56.3G  0 part
└─sdab8                 65:184    0  56.3G  0 part
sdac                    65:192    0  56.3G  0 disk
├─sdac3                 65:195    0  56.3G  0 part
└─sdac8                 65:200    0  56.3G  0 part
sdad                    65:208    0  56.3G  0 disk
├─sdad3                 65:211    0  56.3G  0 part
└─sdad8                 65:216    0  56.3G  0 part
sdae                    65:224    0  56.3G  0 disk
├─sdae3                 65:227    0  56.3G  0 part
└─sdae8                 65:232    0  56.3G  0 part
sdaf                    65:240    0  56.3G  0 disk
├─sdaf3                 65:243    0  56.3G  0 part
└─sdaf8                 65:248    0  56.3G  0 part
sdag                    66:0      0  56.3G  0 disk
├─sdag3                 66:3      0  56.3G  0 part
└─sdag8                 66:8      0  56.3G  0 part
sdah                    66:16     0  56.3G  0 disk
├─sdah3                 66:19     0  56.3G  0 part
└─sdah8                 66:24     0  56.3G  0 part
sdai                    66:32     0  56.3G  0 disk
├─sdai3                 66:35     0  56.3G  0 part
└─sdai8                 66:40     0  56.3G  0 part
sdaj                    66:48     0  56.3G  0 disk
├─sdaj3                 66:51     0  56.3G  0 part
└─sdaj8                 66:56     0  56.3G  0 part
sdak                    66:64     0  56.3G  0 disk
├─sdak3                 66:67     0  56.3G  0 part
└─sdak8                 66:72     0  56.3G  0 part
sdal                    66:80     0  56.3G  0 disk
├─sdal3                 66:83     0  56.3G  0 part
└─sdal8                 66:88     0  56.3G  0 part
sdam                    66:96     0  14.1G  0 disk
├─sdam3                 66:99     0  14.1G  0 part
└─sdam8                 66:104    0  14.1G  0 part
sdan                    66:112    0  14.1G  0 disk
├─sdan3                 66:115    0  14.1G  0 part
└─sdan8                 66:120    0  14.1G  0 part
sdao                    66:128    0  14.1G  0 disk
├─sdao3                 66:131    0  14.1G  0 part
└─sdao8                 66:136    0  14.1G  0 part
sdap                    66:144    0  14.1G  0 disk
├─sdap3                 66:147    0  14.1G  0 part
└─sdap8                 66:152    0  14.1G  0 part
sdaq                    66:160    0  56.3G  0 disk
├─sdaq3                 66:163    0  56.3G  0 part
└─sdaq8                 66:168    0  56.3G  0 part
sdar                    66:176    0  56.3G  0 disk
├─sdar3                 66:179    0  56.3G  0 part
└─sdar8                 66:184    0  56.3G  0 part
sdas                    66:192    0  56.3G  0 disk
├─sdas3                 66:195    0  56.3G  0 part
└─sdas8                 66:200    0  56.3G  0 part
sdat                    66:208    0 225.1G  0 disk
├─sdat3                 66:211    0 225.1G  0 part
└─sdat8                 66:216    0 225.1G  0 part
sdau                    66:224    0 225.1G  0 disk
├─sdau3                 66:227    0 225.1G  0 part
└─sdau8                 66:232    0 225.1G  0 part
sdav                    66:240    0  56.3G  0 disk
├─sdav3                 66:243    0  56.3G  0 part
└─sdav8                 66:248    0  56.3G  0 part
sdaw                    67:0      0  56.3G  0 disk
├─sdaw3                 67:3      0  56.3G  0 part
└─sdaw8                 67:8      0  56.3G  0 part
sdax                    67:16     0  56.3G  0 disk
├─sdax3                 67:19     0  56.3G  0 part
└─sdax8                 67:24     0  56.3G  0 part
sday                    67:32     0  56.3G  0 disk
├─sday3                 67:35     0  56.3G  0 part
└─sday8                 67:40     0  56.3G  0 part
sdaz                    67:48     0  56.3G  0 disk
├─sdaz3                 67:51     0  56.3G  0 part
└─sdaz8                 67:56     0  56.3G  0 part
sdba                    67:64     0  56.3G  0 disk
├─sdba3                 67:67     0  56.3G  0 part
└─sdba8                 67:72     0  56.3G  0 part
sdbb                    67:80     0  56.3G  0 disk
├─sdbb3                 67:83     0  56.3G  0 part
└─sdbb8                 67:88     0  56.3G  0 part
sdbc                    67:96     0  56.3G  0 disk
├─sdbc3                 67:99     0  56.3G  0 part
└─sdbc8                 67:104    0  56.3G  0 part
sdbd                    67:112    0  14.1G  0 disk
├─sdbd3                 67:115    0  14.1G  0 part
└─sdbd8                 67:120    0  14.1G  0 part
sdbe                    67:128    0  14.1G  0 disk
├─sdbe3                 67:131    0  14.1G  0 part
└─sdbe8                 67:136    0  14.1G  0 part
sdbf                    67:144    0  14.1G  0 disk
├─sdbf3                 67:147    0  14.1G  0 part
└─sdbf8                 67:152    0  14.1G  0 part
sdbg                    67:160    0  14.1G  0 disk
├─sdbg3                 67:163    0  14.1G  0 part
└─sdbg8                 67:168    0  14.1G  0 part
sdbh                    67:176    0  56.3G  0 disk
├─sdbh3                 67:179    0  56.3G  0 part
└─sdbh8                 67:184    0  56.3G  0 part
sdbi                    67:192    0  56.3G  0 disk
├─sdbi3                 67:195    0  56.3G  0 part
└─sdbi8                 67:200    0  56.3G  0 part
sdbj                    67:208    0  56.3G  0 disk
├─sdbj3                 67:211    0  56.3G  0 part
└─sdbj8                 67:216    0  56.3G  0 part
sdbk                    67:224    0 112.6G  0 disk
├─sdbk3                 67:227    0 112.6G  0 part
└─sdbk8                 67:232    0 112.6G  0 part
sdbl                    67:240    0 112.6G  0 disk
├─sdbl3                 67:243    0 112.6G  0 part
└─sdbl8                 67:248    0 112.6G  0 part
sdbm                    68:0      0 112.6G  0 disk
├─sdbm3                 68:3      0 112.6G  0 part
└─sdbm8                 68:8      0 112.6G  0 part
sdbn                    68:16     0  56.3G  0 disk
├─sdbn3                 68:19     0  56.3G  0 part
└─sdbn8                 68:24     0  56.3G  0 part
sdbo                    68:32     0  56.3G  0 disk
├─sdbo3                 68:35     0  56.3G  0 part
└─sdbo8                 68:40     0  56.3G  0 part
sdbp                    68:48     0  14.1G  0 disk
├─sdbp3                 68:51     0  14.1G  0 part
└─sdbp8                 68:56     0  14.1G  0 part
sdbq                    68:64     0 225.1G  0 disk
├─sdbq3                 68:67     0 225.1G  0 part
└─sdbq8                 68:72     0 225.1G  0 part
sdbr                    68:80     0 112.6G  0 disk
├─sdbr3                 68:83     0 112.6G  0 part
└─sdbr8                 68:88     0 112.6G  0 part
sdbs                    68:96     0 225.1G  0 disk
├─sdbs3                 68:99     0 225.1G  0 part
└─sdbs8                 68:104    0 225.1G  0 part
sdbt                    68:112    0  14.1G  0 disk
├─sdbt3                 68:115    0  14.1G  0 part
└─sdbt8                 68:120    0  14.1G  0 part
sdbu                    68:128    0  56.3G  0 disk
├─sdbu3                 68:131    0  56.3G  0 part
└─sdbu8                 68:136    0  56.3G  0 part
sdbv                    68:144    0  56.3G  0 disk
├─sdbv3                 68:147    0  56.3G  0 part
└─sdbv8                 68:152    0  56.3G  0 part
sdbw                    68:160    0  56.3G  0 disk
├─sdbw3                 68:163    0  56.3G  0 part
└─sdbw8                 68:168    0  56.3G  0 part
sdbx                    68:176    0  56.3G  0 disk
├─sdbx3                 68:179    0  56.3G  0 part
└─sdbx8                 68:184    0  56.3G  0 part
sdby                    68:192    0  56.3G  0 disk
├─sdby3                 68:195    0  56.3G  0 part
└─sdby8                 68:200    0  56.3G  0 part
sdbz                    68:208    0  56.3G  0 disk
├─sdbz3                 68:211    0  56.3G  0 part
└─sdbz8                 68:216    0  56.3G  0 part
sdca                    68:224    0  56.3G  0 disk
├─sdca3                 68:227    0  56.3G  0 part
└─sdca8                 68:232    0  56.3G  0 part
sdcb                    68:240    0  56.3G  0 disk
├─sdcb3                 68:243    0  56.3G  0 part
└─sdcb8                 68:248    0  56.3G  0 part
sdcc                    69:0      0  56.3G  0 disk
├─sdcc3                 69:3      0  56.3G  0 part
└─sdcc8                 69:8      0  56.3G  0 part
sdcd                    69:16     0  56.3G  0 disk
├─sdcd3                 69:19     0  56.3G  0 part
└─sdcd8                 69:24     0  56.3G  0 part
sdce                    69:32     0  56.3G  0 disk
├─sdce3                 69:35     0  56.3G  0 part
└─sdce8                 69:40     0  56.3G  0 part
sdcf                    69:48     0  56.3G  0 disk
├─sdcf3                 69:51     0  56.3G  0 part
└─sdcf8                 69:56     0  56.3G  0 part
sdcg                    69:64     0  56.3G  0 disk
├─sdcg3                 69:67     0  56.3G  0 part
└─sdcg8                 69:72     0  56.3G  0 part
sdch                    69:80     0  14.1G  0 disk
├─sdch3                 69:83     0  14.1G  0 part
└─sdch8                 69:88     0  14.1G  0 part
sdci                    69:96     0  56.3G  0 disk
├─sdci3                 69:99     0  56.3G  0 part
└─sdci8                 69:104    0  56.3G  0 part
sdcj                    69:112    0  56.3G  0 disk
├─sdcj3                 69:115    0  56.3G  0 part
└─sdcj8                 69:120    0  56.3G  0 part
sdck                    69:128    0  14.1G  0 disk
├─sdck3                 69:131    0  14.1G  0 part
└─sdck8                 69:136    0  14.1G  0 part
sdcl                    69:144    0  56.3G  0 disk
├─sdcl3                 69:147    0  56.3G  0 part
└─sdcl8                 69:152    0  56.3G  0 part
sdcm                    69:160    0  14.1G  0 disk
├─sdcm3                 69:163    0  14.1G  0 part
└─sdcm8                 69:168    0  14.1G  0 part
sdcn                    69:176    0  14.1G  0 disk
├─sdcn3                 69:179    0  14.1G  0 part
└─sdcn8                 69:184    0  14.1G  0 part
sdco                    69:192    0  56.3G  0 disk
├─sdco3                 69:195    0  56.3G  0 part
└─sdco8                 69:200    0  56.3G  0 part
sdcp                    69:208    0  56.3G  0 disk
├─sdcp3                 69:211    0  56.3G  0 part
└─sdcp8                 69:216    0  56.3G  0 part
sdcq                    69:224    0  56.3G  0 disk
├─sdcq3                 69:227    0  56.3G  0 part
└─sdcq8                 69:232    0  56.3G  0 part
sdcr                    69:240    0  14.1G  0 disk
├─sdcr3                 69:243    0  14.1G  0 part
└─sdcr8                 69:248    0  14.1G  0 part
sdcs                    70:0      0  56.3G  0 disk
├─sdcs3                 70:3      0  56.3G  0 part
└─sdcs8                 70:8      0  56.3G  0 part
sdct                    70:16     0  14.1G  0 disk
├─sdct3                 70:19     0  14.1G  0 part
└─sdct8                 70:24     0  14.1G  0 part
sdcu                    70:32     0  14.1G  0 disk
├─sdcu3                 70:35     0  14.1G  0 part
└─sdcu8                 70:40     0  14.1G  0 part
sdcv                    70:48     0  56.3G  0 disk
├─sdcv3                 70:51     0  56.3G  0 part
└─sdcv8                 70:56     0  56.3G  0 part
sdcw                    70:64     0  14.1G  0 disk
├─sdcw3                 70:67     0  14.1G  0 part
└─sdcw8                 70:72     0  14.1G  0 part
sdcx                    70:80     0 112.6G  0 disk
├─sdcx3                 70:83     0 112.6G  0 part
└─sdcx8                 70:88     0 112.6G  0 part
sdcy                    70:96     0 112.6G  0 disk
├─sdcy3                 70:99     0 112.6G  0 part
└─sdcy8                 70:104    0 112.6G  0 part
sdcz                    70:112    0 112.6G  0 disk
├─sdcz3                 70:115    0 112.6G  0 part
└─sdcz8                 70:120    0 112.6G  0 part
sdda                    70:128    0  56.3G  0 disk
├─sdda3                 70:131    0  56.3G  0 part
└─sdda8                 70:136    0  56.3G  0 part
sddb                    70:144    0  14.1G  0 disk
├─sddb3                 70:147    0  14.1G  0 part
└─sddb8                 70:152    0  14.1G  0 part
sddc                    70:160    0 112.6G  0 disk
├─sddc3                 70:163    0 112.6G  0 part
└─sddc8                 70:168    0 112.6G  0 part
sddd                    70:176    0  14.1G  0 disk
├─sddd3                 70:179    0  14.1G  0 part
└─sddd8                 70:184    0  14.1G  0 part
sdde                    70:192    0  56.3G  0 disk
├─sdde3                 70:195    0  56.3G  0 part
└─sdde8                 70:200    0  56.3G  0 part
sddf                    70:208    0  56.3G  0 disk
├─sddf3                 70:211    0  56.3G  0 part
└─sddf8                 70:216    0  56.3G  0 part
sddg                    70:224    0  56.3G  0 disk
├─sddg3                 70:227    0  56.3G  0 part
└─sddg8                 70:232    0  56.3G  0 part
sddh                    70:240    0  56.3G  0 disk
├─sddh3                 70:243    0  56.3G  0 part
└─sddh8                 70:248    0  56.3G  0 part
sddi                    71:0      0  56.3G  0 disk
├─sddi3                 71:3      0  56.3G  0 part
└─sddi8                 71:8      0  56.3G  0 part
sddj                    71:16     0  56.3G  0 disk
├─sddj3                 71:19     0  56.3G  0 part
└─sddj8                 71:24     0  56.3G  0 part
sddk                    71:32     0  56.3G  0 disk
├─sddk3                 71:35     0  56.3G  0 part
└─sddk8                 71:40     0  56.3G  0 part
sddl                    71:48     0  56.3G  0 disk
├─sddl3                 71:51     0  56.3G  0 part
└─sddl8                 71:56     0  56.3G  0 part
sddm                    71:64     0  56.3G  0 disk
├─sddm3                 71:67     0  56.3G  0 part
└─sddm8                 71:72     0  56.3G  0 part
sddn                    71:80     0  56.3G  0 disk
├─sddn3                 71:83     0  56.3G  0 part
└─sddn8                 71:88     0  56.3G  0 part
sddo                    71:96     0  56.3G  0 disk
├─sddo3                 71:99     0  56.3G  0 part
└─sddo8                 71:104    0  56.3G  0 part
sddp                    71:112    0  56.3G  0 disk
├─sddp3                 71:115    0  56.3G  0 part
└─sddp8                 71:120    0  56.3G  0 part
sddq                    71:128    0  14.1G  0 disk
├─sddq3                 71:131    0  14.1G  0 part
└─sddq8                 71:136    0  14.1G  0 part
sddr                    71:144    0  14.1G  0 disk
├─sddr3                 71:147    0  14.1G  0 part
└─sddr8                 71:152    0  14.1G  0 part
sdds                    71:160    0  14.1G  0 disk
├─sdds3                 71:163    0  14.1G  0 part
└─sdds8                 71:168    0  14.1G  0 part
sddt                    71:176    0  14.1G  0 disk
├─sddt3                 71:179    0  14.1G  0 part
└─sddt8                 71:184    0  14.1G  0 part
sddu                    71:192    0  56.3G  0 disk
├─sddu3                 71:195    0  56.3G  0 part
└─sddu8                 71:200    0  56.3G  0 part
sddv                    71:208    0  56.3G  0 disk
├─sddv3                 71:211    0  56.3G  0 part
└─sddv8                 71:216    0  56.3G  0 part
sddw                    71:224    0  56.3G  0 disk
├─sddw3                 71:227    0  56.3G  0 part
└─sddw8                 71:232    0  56.3G  0 part
sddx                    71:240    0 225.1G  0 disk
├─sddx3                 71:243    0 225.1G  0 part
└─sddx8                 71:248    0 225.1G  0 part
sddy                   128:0      0 225.1G  0 disk
├─sddy3                128:3      0 225.1G  0 part
└─sddy8                128:8      0 225.1G  0 part
sddz                   128:16     0  56.3G  0 disk
├─sddz3                128:19     0  56.3G  0 part
└─sddz8                128:24     0  56.3G  0 part
sdea                   128:32     0  56.3G  0 disk
├─sdea3                128:35     0  56.3G  0 part
└─sdea8                128:40     0  56.3G  0 part
sdeb                   128:48     0  56.3G  0 disk
├─sdeb3                128:51     0  56.3G  0 part
└─sdeb8                128:56     0  56.3G  0 part
sdec                   128:64     0  56.3G  0 disk
├─sdec3                128:67     0  56.3G  0 part
└─sdec8                128:72     0  56.3G  0 part
sded                   128:80     0  56.3G  0 disk
├─sded3                128:83     0  56.3G  0 part
└─sded8                128:88     0  56.3G  0 part
sdee                   128:96     0  56.3G  0 disk
├─sdee3                128:99     0  56.3G  0 part
└─sdee8                128:104    0  56.3G  0 part
sdef                   128:112    0  14.1G  0 disk
├─sdef3                128:115    0  14.1G  0 part
└─sdef8                128:120    0  14.1G  0 part
sdeg                   128:128    0  14.1G  0 disk
├─sdeg3                128:131    0  14.1G  0 part
└─sdeg8                128:136    0  14.1G  0 part
sdeh                   128:144    0  14.1G  0 disk
├─sdeh3                128:147    0  14.1G  0 part
└─sdeh8                128:152    0  14.1G  0 part
sdei                   128:160    0  14.1G  0 disk
├─sdei3                128:163    0  14.1G  0 part
└─sdei8                128:168    0  14.1G  0 part
sdej                   128:176    0  56.3G  0 disk
├─sdej3                128:179    0  56.3G  0 part
└─sdej8                128:184    0  56.3G  0 part
sdek                   128:192    0  56.3G  0 disk
├─sdek3                128:195    0  56.3G  0 part
└─sdek8                128:200    0  56.3G  0 part
sdel                   128:208    0  56.3G  0 disk
├─sdel3                128:211    0  56.3G  0 part
└─sdel8                128:216    0  56.3G  0 part
sdem                   128:224    0 112.6G  0 disk
├─sdem3                128:227    0 112.6G  0 part
└─sdem8                128:232    0 112.6G  0 part
sden                   128:240    0 112.6G  0 disk
├─sden3                128:243    0 112.6G  0 part
└─sden8                128:248    0 112.6G  0 part
sdeo                   129:0      0 112.6G  0 disk
├─sdeo3                129:3      0 112.6G  0 part
└─sdeo8                129:8      0 112.6G  0 part
sdep                   129:16     0  56.3G  0 disk
├─sdep3                129:19     0  56.3G  0 part
└─sdep8                129:24     0  56.3G  0 part
sdeq                   129:32     0  14.1G  0 disk
├─sdeq3                129:35     0  14.1G  0 part
└─sdeq8                129:40     0  14.1G  0 part
sder                   129:48     0 112.6G  0 disk
├─sder3                129:51     0 112.6G  0 part
└─sder8                129:56     0 112.6G  0 part
sdes                   129:64     0  14.1G  0 disk
├─sdes3                129:67     0  14.1G  0 part
└─sdes8                129:72     0  14.1G  0 part
sdet                   129:80     0  56.3G  0 disk
├─sdet3                129:83     0  56.3G  0 part
└─sdet8                129:88     0  56.3G  0 part
sdeu                   129:96     0  56.3G  0 disk
├─sdeu3                129:99     0  56.3G  0 part
└─sdeu8                129:104    0  56.3G  0 part
sdev                   129:112    0  56.3G  0 disk
├─sdev3                129:115    0  56.3G  0 part
└─sdev8                129:120    0  56.3G  0 part
sdew                   129:128    0  56.3G  0 disk
├─sdew3                129:131    0  56.3G  0 part
└─sdew8                129:136    0  56.3G  0 part
sdex                   129:144    0  56.3G  0 disk
├─sdex3                129:147    0  56.3G  0 part
└─sdex8                129:152    0  56.3G  0 part
sdey                   129:160    0  56.3G  0 disk
├─sdey3                129:163    0  56.3G  0 part
└─sdey8                129:168    0  56.3G  0 part
sdez                   129:176    0  56.3G  0 disk
├─sdez3                129:179    0  56.3G  0 part
└─sdez8                129:184    0  56.3G  0 part
sdfa                   129:192    0  56.3G  0 disk
├─sdfa3                129:195    0  56.3G  0 part
└─sdfa8                129:200    0  56.3G  0 part
sdfb                   129:208    0  56.3G  0 disk
├─sdfb3                129:211    0  56.3G  0 part
└─sdfb8                129:216    0  56.3G  0 part
sdfc                   129:224    0  56.3G  0 disk
├─sdfc3                129:227    0  56.3G  0 part
└─sdfc8                129:232    0  56.3G  0 part
sdfd                   129:240    0  56.3G  0 disk
├─sdfd3                129:243    0  56.3G  0 part
└─sdfd8                129:248    0  56.3G  0 part
sdfe                   130:0      0  56.3G  0 disk
├─sdfe3                130:3      0  56.3G  0 part
└─sdfe8                130:8      0  56.3G  0 part
sdff                   130:16     0  14.1G  0 disk
├─sdff3                130:19     0  14.1G  0 part
└─sdff8                130:24     0  14.1G  0 part
sdfg                   130:32     0  14.1G  0 disk
├─sdfg3                130:35     0  14.1G  0 part
└─sdfg8                130:40     0  14.1G  0 part
sdfh                   130:48     0  14.1G  0 disk
├─sdfh3                130:51     0  14.1G  0 part
└─sdfh8                130:56     0  14.1G  0 part
sdfi                   130:64     0  14.1G  0 disk
├─sdfi3                130:67     0  14.1G  0 part
└─sdfi8                130:72     0  14.1G  0 part
VxDMP2                 201:16     0 558.4G  0 disk
├─VxDMP2p1             201:17     0     1G  0 part
├─VxDMP2p2             201:18     0   100G  0 part
├─VxDMP2p3             201:19     0    32G  0 part
└─VxDMP2p4             201:20     0 425.4G  0 part
VxDMP3                 201:32     0  14.1G  0 disk
├─VxDMP3p3             201:35     0  14.1G  0 part
└─VxDMP3p8             201:40     0  14.1G  0 part
VxDMP4                 201:48     0  56.3G  0 disk
├─VxDMP4p3             201:51     0  56.3G  0 part
└─VxDMP4p8             201:56     0  56.3G  0 part
VxDMP5                 201:64     0  56.3G  0 disk
├─VxDMP5p3             201:67     0  56.3G  0 part
└─VxDMP5p8             201:72     0  56.3G  0 part
VxDMP6                 201:80     0  56.3G  0 disk
├─VxDMP6p3             201:83     0  56.3G  0 part
└─VxDMP6p8             201:88     0  56.3G  0 part
VxDMP7                 201:96     0  14.1G  0 disk
├─VxDMP7p3             201:99     0  14.1G  0 part
└─VxDMP7p8             201:104    0  14.1G  0 part
VxDMP8                 201:112    0  56.3G  0 disk
├─VxDMP8p3             201:115    0  56.3G  0 part
└─VxDMP8p8             201:120    0  56.3G  0 part
VxDMP9                 201:128    0  14.1G  0 disk
├─VxDMP9p3             201:131    0  14.1G  0 part
└─VxDMP9p8             201:136    0  14.1G  0 part
VxDMP10                201:144    0  14.1G  0 disk
├─VxDMP10p3            201:147    0  14.1G  0 part
└─VxDMP10p8            201:152    0  14.1G  0 part
VxDMP11                201:160    0  56.3G  0 disk
├─VxDMP11p3            201:163    0  56.3G  0 part
└─VxDMP11p8            201:168    0  56.3G  0 part
VxDMP12                201:176    0  56.3G  0 disk
├─VxDMP12p3            201:179    0  56.3G  0 part
└─VxDMP12p8            201:184    0  56.3G  0 part
VxDMP13                201:192    0  56.3G  0 disk
├─VxDMP13p3            201:195    0  56.3G  0 part
└─VxDMP13p8            201:200    0  56.3G  0 part
VxDMP14                201:208    0  56.3G  0 disk
├─VxDMP14p3            201:211    0  56.3G  0 part
└─VxDMP14p8            201:216    0  56.3G  0 part
VxDMP15                201:224    0  14.1G  0 disk
├─VxDMP15p3            201:227    0  14.1G  0 part
└─VxDMP15p8            201:232    0  14.1G  0 part
VxDMP16                201:240    0  56.3G  0 disk
├─VxDMP16p3            201:243    0  56.3G  0 part
└─VxDMP16p8            201:248    0  56.3G  0 part
VxDMP17                201:256    0  56.3G  0 disk
├─VxDMP17p3            201:259    0  56.3G  0 part
└─VxDMP17p8            201:264    0  56.3G  0 part
VxDMP18                201:272    0  56.3G  0 disk
├─VxDMP18p3            201:275    0  56.3G  0 part
└─VxDMP18p8            201:280    0  56.3G  0 part
VxDMP19                201:288    0  56.3G  0 disk
├─VxDMP19p3            201:291    0  56.3G  0 part
└─VxDMP19p8            201:296    0  56.3G  0 part
VxDMP20                201:304    0  14.1G  0 disk
├─VxDMP20p3            201:307    0  14.1G  0 part
└─VxDMP20p8            201:312    0  14.1G  0 part
VxDMP21                201:320    0  14.1G  0 disk
├─VxDMP21p3            201:323    0  14.1G  0 part
└─VxDMP21p8            201:328    0  14.1G  0 part
VxDMP22                201:336    0  56.3G  0 disk
├─VxDMP22p3            201:339    0  56.3G  0 part
└─VxDMP22p8            201:344    0  56.3G  0 part
VxDMP23                201:352    0  56.3G  0 disk
├─VxDMP23p3            201:355    0  56.3G  0 part
└─VxDMP23p8            201:360    0  56.3G  0 part
VxDMP24                201:368    0  56.3G  0 disk
├─VxDMP24p3            201:371    0  56.3G  0 part
└─VxDMP24p8            201:376    0  56.3G  0 part
VxDMP25                201:384    0  56.3G  0 disk
├─VxDMP25p3            201:387    0  56.3G  0 part
└─VxDMP25p8            201:392    0  56.3G  0 part
VxDMP26                201:400    0  14.1G  0 disk
├─VxDMP26p3            201:403    0  14.1G  0 part
└─VxDMP26p8            201:408    0  14.1G  0 part
VxDMP27                201:416    0  56.3G  0 disk
├─VxDMP27p3            201:419    0  56.3G  0 part
└─VxDMP27p8            201:424    0  56.3G  0 part
VxDMP28                201:432    0  56.3G  0 disk
├─VxDMP28p3            201:435    0  56.3G  0 part
└─VxDMP28p8            201:440    0  56.3G  0 part
VxDMP29                201:448    0  56.3G  0 disk
├─VxDMP29p3            201:451    0  56.3G  0 part
└─VxDMP29p8            201:456    0  56.3G  0 part
VxDMP30                201:464    0 112.6G  0 disk
├─VxDMP30p3            201:467    0 112.6G  0 part
└─VxDMP30p8            201:472    0 112.6G  0 part
VxDMP31                201:480    0 112.6G  0 disk
├─VxDMP31p3            201:483    0 112.6G  0 part
└─VxDMP31p8            201:488    0 112.6G  0 part
VxDMP32                201:496    0 225.1G  0 disk
├─VxDMP32p3            201:499    0 225.1G  0 part
└─VxDMP32p8            201:504    0 225.1G  0 part
VxDMP33                201:512    0  56.3G  0 disk
├─VxDMP33p3            201:515    0  56.3G  0 part
└─VxDMP33p8            201:520    0  56.3G  0 part
VxDMP34                201:528    0  14.1G  0 disk
├─VxDMP34p3            201:531    0  14.1G  0 part
└─VxDMP34p8            201:536    0  14.1G  0 part
VxDMP35                201:544    0 112.6G  0 disk
├─VxDMP35p3            201:547    0 112.6G  0 part
└─VxDMP35p8            201:552    0 112.6G  0 part
VxDMP36                201:560    0 112.6G  0 disk
├─VxDMP36p3            201:563    0 112.6G  0 part
└─VxDMP36p8            201:568    0 112.6G  0 part
VxDMP37                201:576    0  56.3G  0 disk
├─VxDMP37p3            201:579    0  56.3G  0 part
└─VxDMP37p8            201:584    0  56.3G  0 part
VxDMP38                201:592    0  56.3G  0 disk
├─VxDMP38p3            201:595    0  56.3G  0 part
└─VxDMP38p8            201:600    0  56.3G  0 part
VxDMP39                201:608    0  56.3G  0 disk
├─VxDMP39p3            201:611    0  56.3G  0 part
└─VxDMP39p8            201:616    0  56.3G  0 part
VxDMP40                201:624    0  14.1G  0 disk
├─VxDMP40p3            201:627    0  14.1G  0 part
└─VxDMP40p8            201:632    0  14.1G  0 part
VxDMP41                201:640    0 225.1G  0 disk
├─VxDMP41p3            201:643    0 225.1G  0 part
└─VxDMP41p8            201:648    0 225.1G  0 part
VxDMP42                201:656    0  56.3G  0 disk
├─VxDMP42p3            201:659    0  56.3G  0 part
└─VxDMP42p8            201:664    0  56.3G  0 part
VxDMP43                201:672    0  56.3G  0 disk
├─VxDMP43p3            201:675    0  56.3G  0 part
└─VxDMP43p8            201:680    0  56.3G  0 part
VxDMP44                201:688    0  56.3G  0 disk
├─VxDMP44p3            201:691    0  56.3G  0 part
└─VxDMP44p8            201:696    0  56.3G  0 part
VxDMP45                201:704    0  56.3G  0 disk
├─VxDMP45p3            201:707    0  56.3G  0 part
└─VxDMP45p8            201:712    0  56.3G  0 part
VxDMP46                201:720    0  56.3G  0 disk
├─VxDMP46p3            201:723    0  56.3G  0 part
└─VxDMP46p8            201:728    0  56.3G  0 part
VxDMP47                201:736    0 225.1G  0 disk
├─VxDMP47p3            201:739    0 225.1G  0 part
└─VxDMP47p8            201:744    0 225.1G  0 part
VxDMP48                201:752    0 112.6G  0 disk
├─VxDMP48p3            201:755    0 112.6G  0 part
└─VxDMP48p8            201:760    0 112.6G  0 part
VxDMP49                201:768    0  56.3G  0 disk
├─VxDMP49p3            201:771    0  56.3G  0 part
└─VxDMP49p8            201:776    0  56.3G  0 part
VxDMP50                201:784    0  14.1G  0 disk
├─VxDMP50p3            201:787    0  14.1G  0 part
└─VxDMP50p8            201:792    0  14.1G  0 part
VxDMP51                201:800    0  14.1G  0 disk
├─VxDMP51p3            201:803    0  14.1G  0 part
└─VxDMP51p8            201:808    0  14.1G  0 part
VxDMP52                201:816    0  56.3G  0 disk
├─VxDMP52p3            201:819    0  56.3G  0 part
└─VxDMP52p8            201:824    0  56.3G  0 part
VxDMP53                201:832    0  56.3G  0 disk
├─VxDMP53p3            201:835    0  56.3G  0 part
└─VxDMP53p8            201:840    0  56.3G  0 part
VxDMP54                201:848    0 112.6G  0 disk
├─VxDMP54p3            201:851    0 112.6G  0 part
└─VxDMP54p8            201:856    0 112.6G  0 part
VxDMP55                201:864    0 225.1G  0 disk
├─VxDMP55p3            201:867    0 225.1G  0 part
└─VxDMP55p8            201:872    0 225.1G  0 part
VxDMP56                201:880    0 112.6G  0 disk
├─VxDMP56p3            201:883    0 112.6G  0 part
└─VxDMP56p8            201:888    0 112.6G  0 part
VxDMP57                201:896    0  56.3G  0 disk
├─VxDMP57p3            201:899    0  56.3G  0 part
└─VxDMP57p8            201:904    0  56.3G  0 part
VxDMP58                201:912    0  14.1G  0 disk
├─VxDMP58p3            201:915    0  14.1G  0 part
└─VxDMP58p8            201:920    0  14.1G  0 part
VxDMP59                201:928    0  56.3G  0 disk
├─VxDMP59p3            201:931    0  56.3G  0 part
└─VxDMP59p8            201:936    0  56.3G  0 part
VxDMP60                201:944    0  56.3G  0 disk
├─VxDMP60p3            201:947    0  56.3G  0 part
└─VxDMP60p8            201:952    0  56.3G  0 part
VxDMP61                201:960    0  56.3G  0 disk
├─VxDMP61p3            201:963    0  56.3G  0 part
└─VxDMP61p8            201:968    0  56.3G  0 part
VxDMP62                201:976    0  14.1G  0 disk
├─VxDMP62p3            201:979    0  14.1G  0 part
└─VxDMP62p8            201:984    0  14.1G  0 part
VxDMP63                201:992    0  56.3G  0 disk
├─VxDMP63p3            201:995    0  56.3G  0 part
└─VxDMP63p8            201:1000   0  56.3G  0 part
VxDMP64                201:1008   0  56.3G  0 disk
├─VxDMP64p3            201:1011   0  56.3G  0 part
└─VxDMP64p8            201:1016   0  56.3G  0 part
VxDMP65                201:1024   0  56.3G  0 disk
├─VxDMP65p3            201:1027   0  56.3G  0 part
└─VxDMP65p8            201:1032   0  56.3G  0 part
VxDMP66                201:1040   0  14.1G  0 disk
├─VxDMP66p3            201:1043   0  14.1G  0 part
└─VxDMP66p8            201:1048   0  14.1G  0 part
VxDMP67                201:1056   0  56.3G  0 disk
├─VxDMP67p3            201:1059   0  56.3G  0 part
└─VxDMP67p8            201:1064   0  56.3G  0 part
VxDMP68                201:1072   0  56.3G  0 disk
├─VxDMP68p3            201:1075   0  56.3G  0 part
└─VxDMP68p8            201:1080   0  56.3G  0 part
VxDMP69                201:1088   0  56.3G  0 disk
├─VxDMP69p3            201:1091   0  56.3G  0 part
└─VxDMP69p8            201:1096   0  56.3G  0 part
VxDMP70                201:1104   0  14.1G  0 disk
├─VxDMP70p3            201:1107   0  14.1G  0 part
└─VxDMP70p8            201:1112   0  14.1G  0 part
VxDMP71                201:1120   0  14.1G  0 disk
├─VxDMP71p3            201:1123   0  14.1G  0 part
└─VxDMP71p8            201:1128   0  14.1G  0 part
VxDMP72                201:1136   0  56.3G  0 disk
├─VxDMP72p3            201:1139   0  56.3G  0 part
└─VxDMP72p8            201:1144   0  56.3G  0 part
VxDMP73                201:1152   0  56.3G  0 disk
├─VxDMP73p3            201:1155   0  56.3G  0 part
└─VxDMP73p8            201:1160   0  56.3G  0 part
VxDMP74                201:1168   0  56.3G  0 disk
├─VxDMP74p3            201:1171   0  56.3G  0 part
└─VxDMP74p8            201:1176   0  56.3G  0 part
VxDMP75                201:1184   0 112.6G  0 disk
├─VxDMP75p3            201:1187   0 112.6G  0 part
└─VxDMP75p8            201:1192   0 112.6G  0 part
VxDMP76                201:1200   0  14.1G  0 disk
├─VxDMP76p3            201:1203   0  14.1G  0 part
└─VxDMP76p8            201:1208   0  14.1G  0 part
VxDMP77                201:1216   0  56.3G  0 disk
├─VxDMP77p3            201:1219   0  56.3G  0 part
└─VxDMP77p8            201:1224   0  56.3G  0 part
VxDMP78                201:1232   0  14.1G  0 disk
├─VxDMP78p3            201:1235   0  14.1G  0 part
└─VxDMP78p8            201:1240   0  14.1G  0 part
VxDMP79                201:1248   0  14.1G  0 disk
├─VxDMP79p3            201:1251   0  14.1G  0 part
└─VxDMP79p8            201:1256   0  14.1G  0 part
VxDMP80                201:1264   0  56.3G  0 disk
├─VxDMP80p3            201:1267   0  56.3G  0 part
└─VxDMP80p8            201:1272   0  56.3G  0 part
VxDMP81                201:1280   0  56.3G  0 disk
├─VxDMP81p3            201:1283   0  56.3G  0 part
└─VxDMP81p8            201:1288   0  56.3G  0 part
VxDMP82                201:1296   0  56.3G  0 disk
├─VxDMP82p3            201:1299   0  56.3G  0 part
└─VxDMP82p8            201:1304   0  56.3G  0 part
VxDMP83                201:1312   0  56.3G  0 disk
├─VxDMP83p3            201:1315   0  56.3G  0 part
└─VxDMP83p8            201:1320   0  56.3G  0 part
VxDMP84                201:1328   0  56.3G  0 disk
├─VxDMP84p3            201:1331   0  56.3G  0 part
└─VxDMP84p8            201:1336   0  56.3G  0 part
VxVM4000               199:4000   0    66G  0 disk /global/pwbpci00/apps
VxVM4001               199:4001   0    46G  0 disk /usr/sap/WBP
VxVM6000               199:6000   0 168.8G  0 disk /oracle/WBP/sapdata3
VxVM9000               199:9000   0 168.8G  0 disk /oracle/WBP/sapdata2
VxVM10000              199:10000  0 168.8G  0 disk /oracle/WBP/sapdata1
VxVM13000              199:13000  0 112.5G  0 disk /oracle/WBP
VxVM14000              199:14000  0  28.1G  0 disk /oracle/WBP/mirrlogA
VxVM14001              199:14001  0    28G  0 disk /oracle/WBP/origlogB
VxVM15000              199:15000  0 168.7G  0 disk /oracle/WBP/sapdata4
VxVM26000              199:26000  0 450.1G  0 disk /global/pwbpci00/bkup
VxVM27000              199:27000  0  28.1G  0 disk /oracle/WBP/mirrlogB
VxVM27001              199:27001  0    28G  0 disk /oracle/WBP/origlogA
lp03wbp03:~ # ip add
1: lo: <LOOPBACK,UP,LOWER_UP> mtu 65536 qdisc noqueue state UNKNOWN group default qlen 1000
    link/loopback 00:00:00:00:00:00 brd 00:00:00:00:00:00
    inet 127.0.0.1/8 scope host lo
       valid_lft forever preferred_lft forever
    inet6 ::1/128 scope host
       valid_lft forever preferred_lft forever
2: eth0: <BROADCAST,MULTICAST,SLAVE,UP,LOWER_UP> mtu 1500 qdisc mq master bond0 state UP group default qlen 1000
    link/ether e4:43:4b:a9:28:28 brd ff:ff:ff:ff:ff:ff
3: eth6: <BROADCAST,MULTICAST,UP,LOWER_UP> mtu 1500 qdisc pfifo_fast state UNKNOWN group default qlen 1000
    link/ether f4:02:70:c0:bb:2f brd ff:ff:ff:ff:ff:ff
    inet 169.254.0.2/16 brd 169.254.255.255 scope global eth6
       valid_lft forever preferred_lft forever
    inet6 fe80::f602:70ff:fec0:bb2f/64 scope link
       valid_lft forever preferred_lft forever
4: eth1: <BROADCAST,MULTICAST,UP,LOWER_UP> mtu 1500 qdisc mq state UP group default qlen 1000
    link/ether e4:43:4b:a9:28:29 brd ff:ff:ff:ff:ff:ff
    inet 160.48.226.105/24 brd 160.48.226.255 scope global eth1
       valid_lft forever preferred_lft forever
    inet6 2a03:1e82:820a:503::1:f/64 scope global deprecated
       valid_lft forever preferred_lft 0sec
    inet6 fe80::e643:4bff:fea9:2829/64 scope link
       valid_lft forever preferred_lft forever
5: eth2: <BROADCAST,MULTICAST,UP,LOWER_UP> mtu 1500 qdisc mq state UP group default qlen 1000
    link/ether e4:43:4b:a9:28:2a brd ff:ff:ff:ff:ff:ff
    inet 160.48.225.176/24 brd 160.48.225.255 scope global eth2
       valid_lft forever preferred_lft forever
    inet6 2a03:1e82:820a:502::1:6/64 scope global deprecated
       valid_lft forever preferred_lft 0sec
    inet6 fe80::e643:4bff:fea9:282a/64 scope link
       valid_lft forever preferred_lft forever
6: eth4: <BROADCAST,MULTICAST> mtu 1500 qdisc noop state DOWN group default qlen 1000
    link/ether e4:43:4b:a9:28:2b brd ff:ff:ff:ff:ff:ff
7: eth5: <BROADCAST,MULTICAST> mtu 1500 qdisc noop state DOWN group default qlen 1000
    link/ether b4:96:91:63:19:10 brd ff:ff:ff:ff:ff:ff
8: eth3: <BROADCAST,MULTICAST,SLAVE,UP,LOWER_UP> mtu 1500 qdisc mq master bond0 state UP group default qlen 1000
    link/ether e4:43:4b:a9:28:28 brd ff:ff:ff:ff:ff:ff
9: bond0: <BROADCAST,MULTICAST,MASTER,UP,LOWER_UP> mtu 1500 qdisc noqueue state UP group default qlen 1000
    link/ether e4:43:4b:a9:28:28 brd ff:ff:ff:ff:ff:ff
    inet 160.48.228.17/24 brd 160.48.228.255 scope global bond0
       valid_lft forever preferred_lft forever
    inet 160.48.228.79/24 brd 160.48.228.255 scope global secondary bond0:0
       valid_lft forever preferred_lft forever
    inet 160.48.228.76/24 brd 160.48.228.255 scope global secondary bond0:1
       valid_lft forever preferred_lft forever
    inet6 2a03:1e82:820a:4fe::1:8/64 scope global deprecated
       valid_lft forever preferred_lft 0sec
    inet6 fe80::e643:4bff:fea9:2828/64 scope link
       valid_lft forever preferred_lft forever
lp03wbp03:~ # cat /etc/BMW-release | grep -i mr
IMAGE_BMW_MR="2020Q01.00"
HISTORY_MR_VERSION+=("2020Q04.00")
HISTORY_MR_VERSION+=("2021Q03.00")
HISTORY_MR_DATE+=("1633234154 2021-10-03 06:09:14 +0200")
HISTORY_MR_VERSION+=("2021Q04.00")
HISTORY_MR_DATE+=("1637426451 2021-11-20 17:40:51 +0100")
CURRENT_MR_VERSION="2022Q02.00"
CURRENT_MR_DATE="1652548559 2022-05-14 19:15:59 +0200"
lp03wbp03:~ #
lp03wbp03:~ #
lp03wbp03:~ # vxdg list
NAME         STATE           ID
dgpwbpci0001 enabled,cds          1583012132.132.lp03wbp03
dgpwbpci0002 enabled,cds          1583012137.134.lp03wbp03
dgpwbpci0003 enabled,cds          1583012140.136.lp03wbp03
dgpwbpci0004 enabled,cds          1583012144.138.lp03wbp03
dgpwbpci0005 enabled,cds          1583012148.140.lp03wbp03
dgpwbpci0006 enabled,cds          1583012151.142.lp03wbp03
dgpwbpci0007 enabled,cds          1583012153.144.lp03wbp03
dgpwbpci0008 enabled,cds          1583012156.146.lp03wbp03
dgpwbpci0009 enabled,cds          1583012158.148.lp03wbp03
lp03wbp03:~ # vxdg list | wc -l
10
lp03wbp03:~ # vxdisk -eo alldgs list
DEVICE       TYPE           DISK        GROUP        STATUS               OS_NATIVE_NAME   ATTR
hitachi_vspg1k0_00aa auto:cdsdisk   -            (dgiwbqci1002) online               sdd              hdprclm fc
hitachi_vspg1k0_00ab auto:cdsdisk   54_20055_00ab  dgpwbpci0002 online               sde              hdprclm fc
hitachi_vspg1k0_00ac auto:cdsdisk   54_20055_00ac  dgpwbpci0002 online               sdf              hdprclm fc
hitachi_vspg1k0_00ad auto:cdsdisk   54_20055_00ad  dgpwbpci0006 online               sdg              hdprclm fc
hitachi_vspg1k0_00ae auto:cdsdisk   54_20055_00ae  dgpwbpci0007 online               sdh              hdprclm fc
hitachi_vspg1k0_00af auto:cdsdisk   54_20055_00af  dgpwbpci0008 online               sdi              hdprclm fc
hitachi_vspg1k0_00a8 auto:cdsdisk   54_20055_00a8  dgpwbpci0001 online               sdb              hdprclm fc
hitachi_vspg1k0_00a9 auto:cdsdisk   54_20055_00a9  dgpwbpci0001 online               sdc              hdprclm fc
hitachi_vspg1k0_00b0 auto:cdsdisk   -            (dgiwbqci1005) online               sdj              hdprclm fc
hitachi_vspg1k0_00ba auto:cdsdisk   -            (dgiwbqci1001) online               sdt              hdprclm fc
hitachi_vspg1k0_00bb auto:cdsdisk   54_20055_00bb  dgpwbpci0006 online               sdu              hdprclm fc
hitachi_vspg1k0_00bc auto:cdsdisk   54_20055_00bc  dgpwbpci0007 online               sdv              hdprclm fc
hitachi_vspg1k0_00bd auto:cdsdisk   -            (dgiwbqci1009) online               sdw              hdprclm fc
hitachi_vspg1k0_00be auto:cdsdisk   -            (dgiwbqci1004) online               sdx              hdprclm fc
hitachi_vspg1k0_00bf auto:cdsdisk   54_20055_00bf  dgpwbpci0008 online               sdy              hdprclm fc
hitachi_vspg1k0_00b1 auto:cdsdisk   -            (dgiwbqci1005) online               sdk              hdprclm fc
hitachi_vspg1k0_00b2 auto:cdsdisk   -            (dgiwbqci1006) online               sdl              hdprclm fc
hitachi_vspg1k0_00b3 auto:cdsdisk   54_20055_00b3  dgpwbpci0004 online               sdm              hdprclm fc
hitachi_vspg1k0_00b4 auto:cdsdisk   54_20055_00b4  dgpwbpci0004 online               sdn              hdprclm fc
hitachi_vspg1k0_00b5 auto:cdsdisk   -            (dgiwbqci1003) online               sdo              hdprclm fc
hitachi_vspg1k0_00b6 auto:cdsdisk   54_20055_00b6  dgpwbpci0003 online               sdp              hdprclm fc
hitachi_vspg1k0_00b7 auto:cdsdisk   -            (dgiwbqci1006) online               sdq              hdprclm fc
hitachi_vspg1k0_00b8 auto:cdsdisk   -            (dgiwbqci1006) online               sdr              hdprclm fc
hitachi_vspg1k0_00b9 auto:cdsdisk   -            (dgiwbqci1009) online               sds              hdprclm fc
hitachi_vspg1k0_00c0 auto:cdsdisk   54_20055_00c0  dgpwbpci0003 online               sdz              hdprclm fc
hitachi_vspg1k0_00ca auto:cdsdisk   -            (dgiwbqci1008) online               sdaj             hdprclm fc
hitachi_vspg1k0_00cb auto:cdsdisk   -            (dgiwbqci1008) online               sdak             hdprclm fc
hitachi_vspg1k0_00cc auto:cdsdisk   -            (dgiwbqci1009) online               sdal             hdprclm fc
hitachi_vspg1k0_00c1 auto:cdsdisk   54_20055_00c1  dgpwbpci0009 online               sdaa             hdprclm fc
hitachi_vspg1k0_00c2 auto:cdsdisk   54_20055_00c2  dgpwbpci0009 online               sdab             hdprclm fc
hitachi_vspg1k0_00c3 auto:cdsdisk   54_20055_00c3  dgpwbpci0009 online               sdac             hdprclm fc
hitachi_vspg1k0_00c4 auto:cdsdisk   -            (dgiwbqci1007) online               sdad             hdprclm fc
hitachi_vspg1k0_00c5 auto:cdsdisk   54_20055_00c5  dgpwbpci0005 online               sdae             hdprclm fc
hitachi_vspg1k0_00c6 auto:cdsdisk   54_20055_00c6  dgpwbpci0005 online               sdaf             hdprclm fc
hitachi_vspg1k0_00c7 auto:cdsdisk   -            (dgiwbqci1007) online               sdag             hdprclm fc
hitachi_vspg1k0_00c8 auto:cdsdisk   -            (dgiwbqci1007) online               sdah             hdprclm fc
hitachi_vspg1k0_00c9 auto:cdsdisk   -            (dgiwbqci1008) online               sdai             hdprclm fc
hitachi_vspg1k0_0106 auto:cdsdisk   54_20055_0106  dgpwbpci0003 online               sdam             hdprclm fc
hitachi_vspg1k0_0107 auto:cdsdisk   54_20055_0107  dgpwbpci0003 online               sdan             hdprclm fc
hitachi_vspg1k0_0108 auto:cdsdisk   54_20055_0108  dgpwbpci0004 online               sdao             hdprclm fc
hitachi_vspg1k0_0109 auto:cdsdisk   54_20055_0109  dgpwbpci0004 online               sdap             hdprclm fc
hitachi_vspg1k1_00aa auto:cdsdisk   -            (dgiwbqci1002) online               sddw             hdprclm fc
hitachi_vspg1k1_00ab auto:cdsdisk   15_20125_00ab  dgpwbpci0002 online               sddx             hdprclm fc
hitachi_vspg1k1_00ac auto:cdsdisk   15_20125_00ac  dgpwbpci0002 online               sddy             hdprclm fc
hitachi_vspg1k1_00ad auto:cdsdisk   15_20125_00ad  dgpwbpci0006 online               sddz             hdprclm fc
hitachi_vspg1k1_00ae auto:cdsdisk   15_20125_00ae  dgpwbpci0007 online               sdea             hdprclm fc
hitachi_vspg1k1_00af auto:cdsdisk   15_20125_00af  dgpwbpci0008 online               sdeb             hdprclm fc
hitachi_vspg1k1_00a8 auto:cdsdisk   15_20125_00a8  dgpwbpci0001 online               sddu             hdprclm fc
hitachi_vspg1k1_00a9 auto:cdsdisk   15_20125_00a9  dgpwbpci0001 online               sddv             hdprclm fc
hitachi_vspg1k1_00b0 auto:cdsdisk   -            (dgiwbqci1005) online               sdec             hdprclm fc
hitachi_vspg1k1_00ba auto:cdsdisk   -            (dgiwbqci1001) online               sdem             hdprclm fc
hitachi_vspg1k1_00bb auto:cdsdisk   15_20125_00bb  dgpwbpci0006 online               sden             hdprclm fc
hitachi_vspg1k1_00bc auto:cdsdisk   15_20125_00bc  dgpwbpci0007 online               sdeo             hdprclm fc
hitachi_vspg1k1_00bd auto:cdsdisk   -            (dgiwbqci1009) online               sdep             hdprclm fc
hitachi_vspg1k1_00be auto:cdsdisk   -            (dgiwbqci1004) online               sdeq             hdprclm fc
hitachi_vspg1k1_00bf auto:cdsdisk   15_20125_00bf  dgpwbpci0008 online               sder             hdprclm fc
hitachi_vspg1k1_00b1 auto:cdsdisk   -            (dgiwbqci1005) online               sded             hdprclm fc
hitachi_vspg1k1_00b2 auto:cdsdisk   -            (dgiwbqci1006) online               sdee             hdprclm fc
hitachi_vspg1k1_00b3 auto:cdsdisk   15_20125_00b3  dgpwbpci0004 online               sdef             hdprclm fc
hitachi_vspg1k1_00b4 auto:cdsdisk   15_20125_00b4  dgpwbpci0004 online               sdeg             hdprclm fc
hitachi_vspg1k1_00b5 auto:cdsdisk   -            (dgiwbqci1003) online               sdeh             hdprclm fc
hitachi_vspg1k1_00b6 auto:cdsdisk   15_20125_00b6  dgpwbpci0003 online               sdei             hdprclm fc
hitachi_vspg1k1_00b7 auto:cdsdisk   -            (dgiwbqci1006) online               sdej             hdprclm fc
hitachi_vspg1k1_00b8 auto:cdsdisk   -            (dgiwbqci1006) online               sdek             hdprclm fc
hitachi_vspg1k1_00b9 auto:cdsdisk   -            (dgiwbqci1009) online               sdel             hdprclm fc
hitachi_vspg1k1_00c0 auto:cdsdisk   15_20125_00c0  dgpwbpci0003 online               sdes             hdprclm fc
hitachi_vspg1k1_00ca auto:cdsdisk   -            (dgiwbqci1008) online               sdfc             hdprclm fc
hitachi_vspg1k1_00cb auto:cdsdisk   -            (dgiwbqci1008) online               sdfd             hdprclm fc
hitachi_vspg1k1_00cc auto:cdsdisk   -            (dgiwbqci1009) online               sdfe             hdprclm fc
hitachi_vspg1k1_00c1 auto:cdsdisk   15_20125_00c1  dgpwbpci0009 online               sdet             hdprclm fc
hitachi_vspg1k1_00c2 auto:cdsdisk   15_20125_00c2  dgpwbpci0009 online               sdeu             hdprclm fc
hitachi_vspg1k1_00c3 auto:cdsdisk   15_20125_00c3  dgpwbpci0009 online               sdev             hdprclm fc
hitachi_vspg1k1_00c4 auto:cdsdisk   -            (dgiwbqci1007) online               sdew             hdprclm fc
hitachi_vspg1k1_00c5 auto:cdsdisk   15_20125_00c5  dgpwbpci0005 online               sdex             hdprclm fc
hitachi_vspg1k1_00c6 auto:cdsdisk   15_20125_00c6  dgpwbpci0005 online               sdey             hdprclm fc
hitachi_vspg1k1_00c7 auto:cdsdisk   -            (dgiwbqci1007) online               sdez             hdprclm fc
hitachi_vspg1k1_00c8 auto:cdsdisk   -            (dgiwbqci1007) online               sdfa             hdprclm fc
hitachi_vspg1k1_00c9 auto:cdsdisk   -            (dgiwbqci1008) online               sdfb             hdprclm fc
hitachi_vspg1k1_0106 auto:cdsdisk   15_20125_0106  dgpwbpci0003 online               sdff             hdprclm fc
hitachi_vspg1k1_0107 auto:cdsdisk   15_20125_0107  dgpwbpci0003 online               sdfg             hdprclm fc
hitachi_vspg1k1_0108 auto:cdsdisk   15_20125_0108  dgpwbpci0004 online               sdfh             hdprclm fc
hitachi_vspg1k1_0109 auto:cdsdisk   15_20125_0109  dgpwbpci0004 online               sdfi             hdprclm fc
lp03wbp03_disk_0 auto:none      -            -           online invalid       sda              -
lp03wbp03:~ # vxdisk -eo alldgs list | wc -l
84
lp03wbp03:~ # san_shortinfo | wc -l
84
lp03wbp03:~ # san_shortinfo
VXDEV              | RAW   CU:LDEV PORT SERIAL     SIZE | RAW   CU:LDEV PORT SERIAL     SIZE | DISKGROUP
-------------------|-----------------------------------|-----------------------------------|----------
hitachi_vspg1k0_00a8 | sdb   00:A8   4B   20055    57622 | sdaz  00:A8   3B   20055    57622 | dgpwbpci0001
hitachi_vspg1k0_00a9 | sdc   00:A9   4B   20055    57622 | sdbb  00:A9   3B   20055    57622 | dgpwbpci0001
hitachi_vspg1k0_00aa | sdd   00:AA   4B   20055    57622 | sdbo  00:AA   3B   20055    57622 | dgiwbqci1002
hitachi_vspg1k0_00ab | sde   00:AB   4B   20055   230490 | sdbq  00:AB   3B   20055   230490 | dgpwbpci0002
hitachi_vspg1k0_00ac | sdf   00:AC   4B   20055   230490 | sdbs  00:AC   3B   20055   230490 | dgpwbpci0002
hitachi_vspg1k0_00ad | sdg   00:AD   4B   20055    57622 | sdbu  00:AD   3B   20055    57622 | dgpwbpci0006
hitachi_vspg1k0_00ae | sdh   00:AE   4B   20055    57622 | sdbv  00:AE   3B   20055    57622 | dgpwbpci0007
hitachi_vspg1k0_00af | sdi   00:AF   4B   20055    57622 | sdbw  00:AF   3B   20055    57622 | dgpwbpci0008
hitachi_vspg1k0_00b0 | sdj   00:B0   4B   20055    57622 | sdbx  00:B0   3B   20055    57622 | dgiwbqci1005
hitachi_vspg1k0_00b1 | sdk   00:B1   4B   20055    57622 | sdbz  00:B1   3B   20055    57622 | dgiwbqci1005
hitachi_vspg1k0_00b2 | sdl   00:B2   4B   20055    57622 | sdcc  00:B2   3B   20055    57622 | dgiwbqci1006
hitachi_vspg1k0_00b3 | sdm   00:B3   4B   20055    14405 | sdch  00:B3   3B   20055    14405 | dgpwbpci0004
hitachi_vspg1k0_00b4 | sdn   00:B4   4B   20055    14405 | sdck  00:B4   3B   20055    14405 | dgpwbpci0004
hitachi_vspg1k0_00b5 | sdo   00:B5   4B   20055    14405 | sdcm  00:B5   3B   20055    14405 | dgiwbqci1003
hitachi_vspg1k0_00b6 | sdp   00:B6   4B   20055    14405 | sdcn  00:B6   3B   20055    14405 | dgpwbpci0003
hitachi_vspg1k0_00b7 | sdq   00:B7   4B   20055    57622 | sdcq  00:B7   3B   20055    57622 | dgiwbqci1006
hitachi_vspg1k0_00b8 | sdr   00:B8   4B   20055    57622 | sdcs  00:B8   3B   20055    57622 | dgiwbqci1006
hitachi_vspg1k0_00b9 | sds   00:B9   4B   20055    57622 | sdcv  00:B9   3B   20055    57622 | dgiwbqci1009
hitachi_vspg1k0_00ba | sdt   00:BA   4B   20055   115245 | sdcx  00:BA   3B   20055   115245 | dgiwbqci1001
hitachi_vspg1k0_00bb | sdu   00:BB   4B   20055   115245 | sdcy  00:BB   3B   20055   115245 | dgpwbpci0006
hitachi_vspg1k0_00bc | sdv   00:BC   4B   20055   115245 | sdcz  00:BC   3B   20055   115245 | dgpwbpci0007
hitachi_vspg1k0_00bd | sdw   00:BD   4B   20055    57622 | sdda  00:BD   3B   20055    57622 | dgiwbqci1009
hitachi_vspg1k0_00be | sdx   00:BE   4B   20055    14405 | sddb  00:BE   3B   20055    14405 | dgiwbqci1004
hitachi_vspg1k0_00bf | sdy   00:BF   4B   20055   115245 | sddc  00:BF   3B   20055   115245 | dgpwbpci0008
hitachi_vspg1k0_00c0 | sdz   00:C0   4B   20055    14405 | sddd  00:C0   3B   20055    14405 | dgpwbpci0003
hitachi_vspg1k0_00c1 | sdaa  00:C1   4B   20055    57622 | sdde  00:C1   3B   20055    57622 | dgpwbpci0009
hitachi_vspg1k0_00c2 | sdab  00:C2   4B   20055    57622 | sddf  00:C2   3B   20055    57622 | dgpwbpci0009
hitachi_vspg1k0_00c3 | sdac  00:C3   4B   20055    57622 | sddg  00:C3   3B   20055    57622 | dgpwbpci0009
hitachi_vspg1k0_00c4 | sdad  00:C4   4B   20055    57622 | sddh  00:C4   3B   20055    57622 | dgiwbqci1007
hitachi_vspg1k0_00c5 | sdae  00:C5   4B   20055    57622 | sddi  00:C5   3B   20055    57622 | dgpwbpci0005
hitachi_vspg1k0_00c6 | sdaf  00:C6   4B   20055    57622 | sddj  00:C6   3B   20055    57622 | dgpwbpci0005
hitachi_vspg1k0_00c7 | sdag  00:C7   4B   20055    57622 | sddk  00:C7   3B   20055    57622 | dgiwbqci1007
hitachi_vspg1k0_00c8 | sdah  00:C8   4B   20055    57622 | sddl  00:C8   3B   20055    57622 | dgiwbqci1007
hitachi_vspg1k0_00c9 | sdai  00:C9   4B   20055    57622 | sddm  00:C9   3B   20055    57622 | dgiwbqci1008
hitachi_vspg1k0_00ca | sdaj  00:CA   4B   20055    57622 | sddn  00:CA   3B   20055    57622 | dgiwbqci1008
hitachi_vspg1k0_00cb | sdak  00:CB   4B   20055    57622 | sddo  00:CB   3B   20055    57622 | dgiwbqci1008
hitachi_vspg1k0_00cc | sdal  00:CC   4B   20055    57622 | sddp  00:CC   3B   20055    57622 | dgiwbqci1009
hitachi_vspg1k0_0106 | sdam  01:06   4B   20055    14405 | sddq  01:06   3B   20055    14405 | dgpwbpci0003
hitachi_vspg1k0_0107 | sdan  01:07   4B   20055    14405 | sddr  01:07   3B   20055    14405 | dgpwbpci0003
hitachi_vspg1k0_0108 | sdao  01:08   4B   20055    14405 | sdds  01:08   3B   20055    14405 | dgpwbpci0004
hitachi_vspg1k0_0109 | sdap  01:09   4B   20055    14405 | sddt  01:09   3B   20055    14405 | dgpwbpci0004
hitachi_vspg1k1_00a8 | sddu  00:A8   3B   20125    57622 | sdaq  00:A8   4B   20125    57622 | dgpwbpci0001
hitachi_vspg1k1_00a9 | sddv  00:A9   3B   20125    57622 | sdar  00:A9   4B   20125    57622 | dgpwbpci0001
hitachi_vspg1k1_00aa | sddw  00:AA   3B   20125    57622 | sdas  00:AA   4B   20125    57622 | dgiwbqci1002
hitachi_vspg1k1_00ab | sddx  00:AB   3B   20125   230490 | sdat  00:AB   4B   20125   230490 | dgpwbpci0002
hitachi_vspg1k1_00ac | sddy  00:AC   3B   20125   230490 | sdau  00:AC   4B   20125   230490 | dgpwbpci0002
hitachi_vspg1k1_00ad | sddz  00:AD   3B   20125    57622 | sdav  00:AD   4B   20125    57622 | dgpwbpci0006
hitachi_vspg1k1_00ae | sdea  00:AE   3B   20125    57622 | sdaw  00:AE   4B   20125    57622 | dgpwbpci0007
hitachi_vspg1k1_00af | sdeb  00:AF   3B   20125    57622 | sdax  00:AF   4B   20125    57622 | dgpwbpci0008
